Archive member included because of file (symbol)

c:/winavr-20100110/bin/../lib/gcc/avr/4.3.3/avr5\libgcc.a(_divmodhi4.o)
                              ./MCAL/TIMER/Timer.o (__divmodhi4)
c:/winavr-20100110/bin/../lib/gcc/avr/4.3.3/avr5\libgcc.a(_udivmodsi4.o)
                              ./MCAL/I2C/I2C.o (__udivmodsi4)
c:/winavr-20100110/bin/../lib/gcc/avr/4.3.3/avr5\libgcc.a(_exit.o)
                              c:/winavr-20100110/bin/../lib/gcc/avr/4.3.3/../../../../avr/lib/avr5/crtm32.o (exit)
c:/winavr-20100110/bin/../lib/gcc/avr/4.3.3/avr5\libgcc.a(_copy_data.o)
                              ./HAL/SevenSegment.o (__do_copy_data)
c:/winavr-20100110/bin/../lib/gcc/avr/4.3.3/avr5\libgcc.a(_clear_bss.o)
                              ./MCAL/UART/UART.o (__do_clear_bss)
c:/winavr-20100110/bin/../lib/gcc/avr/4.3.3/avr5\libgcc.a(_fixunssfsi.o)
                              ./HAL/lcd_driver.o (__fixunssfsi)
c:/winavr-20100110/bin/../lib/gcc/avr/4.3.3/avr5\libgcc.a(_addsub_sf.o)
                              ./HAL/lcd_driver.o (__subsf3)
c:/winavr-20100110/bin/../lib/gcc/avr/4.3.3/avr5\libgcc.a(_mul_sf.o)
                              ./HAL/lcd_driver.o (__mulsf3)
c:/winavr-20100110/bin/../lib/gcc/avr/4.3.3/avr5\libgcc.a(_gt_sf.o)
                              ./HAL/lcd_driver.o (__gtsf2)
c:/winavr-20100110/bin/../lib/gcc/avr/4.3.3/avr5\libgcc.a(_ge_sf.o)
                              c:/winavr-20100110/bin/../lib/gcc/avr/4.3.3/avr5\libgcc.a(_fixunssfsi.o) (__gesf2)
c:/winavr-20100110/bin/../lib/gcc/avr/4.3.3/avr5\libgcc.a(_lt_sf.o)
                              ./HAL/lcd_driver.o (__ltsf2)
c:/winavr-20100110/bin/../lib/gcc/avr/4.3.3/avr5\libgcc.a(_si_to_sf.o)
                              ./HAL/lcd_driver.o (__floatsisf)
c:/winavr-20100110/bin/../lib/gcc/avr/4.3.3/avr5\libgcc.a(_sf_to_si.o)
                              ./HAL/lcd_driver.o (__fixsfsi)
c:/winavr-20100110/bin/../lib/gcc/avr/4.3.3/avr5\libgcc.a(_thenan_sf.o)
                              c:/winavr-20100110/bin/../lib/gcc/avr/4.3.3/avr5\libgcc.a(_addsub_sf.o) (__thenan_sf)
c:/winavr-20100110/bin/../lib/gcc/avr/4.3.3/avr5\libgcc.a(_udivmodhi4.o)
                              c:/winavr-20100110/bin/../lib/gcc/avr/4.3.3/avr5\libgcc.a(_divmodhi4.o) (__udivmodhi4)
c:/winavr-20100110/bin/../lib/gcc/avr/4.3.3/avr5\libgcc.a(_prologue.o)
                              c:/winavr-20100110/bin/../lib/gcc/avr/4.3.3/avr5\libgcc.a(_addsub_sf.o) (__prologue_saves__)
c:/winavr-20100110/bin/../lib/gcc/avr/4.3.3/avr5\libgcc.a(_epilogue.o)
                              c:/winavr-20100110/bin/../lib/gcc/avr/4.3.3/avr5\libgcc.a(_addsub_sf.o) (__epilogue_restores__)
c:/winavr-20100110/bin/../lib/gcc/avr/4.3.3/avr5\libgcc.a(_clzsi2.o)
                              c:/winavr-20100110/bin/../lib/gcc/avr/4.3.3/avr5\libgcc.a(_si_to_sf.o) (__clzsi2)
c:/winavr-20100110/bin/../lib/gcc/avr/4.3.3/avr5\libgcc.a(_pack_sf.o)
                              c:/winavr-20100110/bin/../lib/gcc/avr/4.3.3/avr5\libgcc.a(_addsub_sf.o) (__pack_f)
c:/winavr-20100110/bin/../lib/gcc/avr/4.3.3/avr5\libgcc.a(_unpack_sf.o)
                              c:/winavr-20100110/bin/../lib/gcc/avr/4.3.3/avr5\libgcc.a(_addsub_sf.o) (__unpack_f)
c:/winavr-20100110/bin/../lib/gcc/avr/4.3.3/avr5\libgcc.a(_fpcmp_parts_sf.o)
                              c:/winavr-20100110/bin/../lib/gcc/avr/4.3.3/avr5\libgcc.a(_gt_sf.o) (__fpcmp_parts_f)
c:/winavr-20100110/bin/../lib/gcc/avr/4.3.3/avr5\libgcc.a(_clz.o)
                              c:/winavr-20100110/bin/../lib/gcc/avr/4.3.3/avr5\libgcc.a(_clzsi2.o) (__clz_tab)
c:/winavr-20100110/bin/../lib/gcc/avr/4.3.3/../../../../avr/lib/avr5\libc.a(sprintf.o)
                              ./HAL/lcd_driver.o (sprintf)
c:/winavr-20100110/bin/../lib/gcc/avr/4.3.3/../../../../avr/lib/avr5\libc.a(vfprintf_std.o)
                              c:/winavr-20100110/bin/../lib/gcc/avr/4.3.3/../../../../avr/lib/avr5\libc.a(sprintf.o) (vfprintf)
c:/winavr-20100110/bin/../lib/gcc/avr/4.3.3/../../../../avr/lib/avr5\libc.a(strnlen_P.o)
                              c:/winavr-20100110/bin/../lib/gcc/avr/4.3.3/../../../../avr/lib/avr5\libc.a(vfprintf_std.o) (strnlen_P)
c:/winavr-20100110/bin/../lib/gcc/avr/4.3.3/../../../../avr/lib/avr5\libc.a(strnlen.o)
                              c:/winavr-20100110/bin/../lib/gcc/avr/4.3.3/../../../../avr/lib/avr5\libc.a(vfprintf_std.o) (strnlen)
c:/winavr-20100110/bin/../lib/gcc/avr/4.3.3/../../../../avr/lib/avr5\libc.a(fputc.o)
                              c:/winavr-20100110/bin/../lib/gcc/avr/4.3.3/../../../../avr/lib/avr5\libc.a(vfprintf_std.o) (fputc)
c:/winavr-20100110/bin/../lib/gcc/avr/4.3.3/../../../../avr/lib/avr5\libc.a(ultoa_invert.o)
                              c:/winavr-20100110/bin/../lib/gcc/avr/4.3.3/../../../../avr/lib/avr5\libc.a(vfprintf_std.o) (__ultoa_invert)

Allocating common symbols
Common symbol       size              file

Entered_ID          0x2               ./App/ECU1_TASKS.o
G_ADC_ConFig        0x7               ./MCAL/ADC/ADC.o
G_Timer0_ConFig     0x5               ./MCAL/TIMER/Timer.o
ID_State            0x1               ./App/ECU1_TASKS.o

Memory Configuration

Name             Origin             Length             Attributes
text             0x00000000         0x00020000         xr
data             0x00800060         0x0000ffa0         rw !x
eeprom           0x00810000         0x00010000         rw !x
fuse             0x00820000         0x00000400         rw !x
lock             0x00830000         0x00000400         rw !x
signature        0x00840000         0x00000400         rw !x
*default*        0x00000000         0xffffffff

Linker script and memory map

LOAD c:/winavr-20100110/bin/../lib/gcc/avr/4.3.3/../../../../avr/lib/avr5/crtm32.o
LOAD ./MCAL/UART/UART.o
LOAD ./MCAL/TIMER/Timer.o
LOAD ./MCAL/SPI/SPI.o
LOAD ./MCAL/I2C/I2C.o
LOAD ./MCAL/I2C/i2c_slave.o
LOAD ./MCAL/DIO_Driver/DIO.o
LOAD ./MCAL/ADC/ADC.o
LOAD ./HAL/Servo_Motor.o
LOAD ./HAL/SevenSegment.o
LOAD ./HAL/keypad.o
LOAD ./HAL/lcd_driver.o
LOAD ./App/ECU1_TASKS.o
LOAD ./App/main.o
LOAD c:/winavr-20100110/bin/../lib/gcc/avr/4.3.3/avr5\libgcc.a
LOAD c:/winavr-20100110/bin/../lib/gcc/avr/4.3.3/../../../../avr/lib/avr5\libc.a
LOAD c:/winavr-20100110/bin/../lib/gcc/avr/4.3.3/avr5\libgcc.a

.hash
 *(.hash)

.dynsym
 *(.dynsym)

.dynstr
 *(.dynstr)

.gnu.version
 *(.gnu.version)

.gnu.version_d
 *(.gnu.version_d)

.gnu.version_r
 *(.gnu.version_r)

.rel.init
 *(.rel.init)

.rela.init
 *(.rela.init)

.rel.text
 *(.rel.text)
 *(.rel.text.*)
 *(.rel.gnu.linkonce.t*)

.rela.text
 *(.rela.text)
 *(.rela.text.*)
 *(.rela.gnu.linkonce.t*)

.rel.fini
 *(.rel.fini)

.rela.fini
 *(.rela.fini)

.rel.rodata
 *(.rel.rodata)
 *(.rel.rodata.*)
 *(.rel.gnu.linkonce.r*)

.rela.rodata
 *(.rela.rodata)
 *(.rela.rodata.*)
 *(.rela.gnu.linkonce.r*)

.rel.data
 *(.rel.data)
 *(.rel.data.*)
 *(.rel.gnu.linkonce.d*)

.rela.data
 *(.rela.data)
 *(.rela.data.*)
 *(.rela.gnu.linkonce.d*)

.rel.ctors
 *(.rel.ctors)

.rela.ctors
 *(.rela.ctors)

.rel.dtors
 *(.rel.dtors)

.rela.dtors
 *(.rela.dtors)

.rel.got
 *(.rel.got)

.rela.got
 *(.rela.got)

.rel.bss
 *(.rel.bss)

.rela.bss
 *(.rela.bss)

.rel.plt
 *(.rel.plt)

.rela.plt
 *(.rela.plt)

.text           0x00000000     0x3e64
 *(.vectors)
 .vectors       0x00000000       0x54 c:/winavr-20100110/bin/../lib/gcc/avr/4.3.3/../../../../avr/lib/avr5/crtm32.o
                0x00000000                __vectors
                0x00000000                __vector_default
 *(.vectors)
 *(.progmem.gcc*)
 *(.progmem*)
                0x00000054                . = ALIGN (0x2)
                0x00000054                __trampolines_start = .
 *(.trampolines)
 .trampolines   0x00000054        0x0 linker stubs
 *(.trampolines*)
                0x00000054                __trampolines_end = .
 *(.jumptables)
 *(.jumptables*)
 *(.lowtext)
 *(.lowtext*)
                0x00000054                __ctors_start = .
 *(.ctors)
                0x00000054                __ctors_end = .
                0x00000054                __dtors_start = .
 *(.dtors)
                0x00000054                __dtors_end = .
 SORT(*)(.ctors)
 SORT(*)(.dtors)
 *(.init0)
 .init0         0x00000054        0x0 c:/winavr-20100110/bin/../lib/gcc/avr/4.3.3/../../../../avr/lib/avr5/crtm32.o
                0x00000054                __init
 *(.init0)
 *(.init1)
 *(.init1)
 *(.init2)
 .init2         0x00000054        0xc c:/winavr-20100110/bin/../lib/gcc/avr/4.3.3/../../../../avr/lib/avr5/crtm32.o
 *(.init2)
 *(.init3)
 *(.init3)
 *(.init4)
 .init4         0x00000060       0x16 c:/winavr-20100110/bin/../lib/gcc/avr/4.3.3/avr5\libgcc.a(_copy_data.o)
                0x00000060                __do_copy_data
 .init4         0x00000076       0x10 c:/winavr-20100110/bin/../lib/gcc/avr/4.3.3/avr5\libgcc.a(_clear_bss.o)
                0x00000076                __do_clear_bss
 *(.init4)
 *(.init5)
 *(.init5)
 *(.init6)
 *(.init6)
 *(.init7)
 *(.init7)
 *(.init8)
 *(.init8)
 *(.init9)
 .init9         0x00000086        0x8 c:/winavr-20100110/bin/../lib/gcc/avr/4.3.3/../../../../avr/lib/avr5/crtm32.o
 *(.init9)
 *(.text)
 .text          0x0000008e        0x4 c:/winavr-20100110/bin/../lib/gcc/avr/4.3.3/../../../../avr/lib/avr5/crtm32.o
                0x0000008e                __vector_1
                0x0000008e                __bad_interrupt
                0x0000008e                __vector_6
                0x0000008e                __vector_3
                0x0000008e                __vector_13
                0x0000008e                __vector_17
                0x0000008e                __vector_19
                0x0000008e                __vector_7
                0x0000008e                __vector_5
                0x0000008e                __vector_4
                0x0000008e                __vector_9
                0x0000008e                __vector_2
                0x0000008e                __vector_15
                0x0000008e                __vector_8
                0x0000008e                __vector_14
                0x0000008e                __vector_18
                0x0000008e                __vector_20
 .text          0x00000092        0x0 ./MCAL/UART/UART.o
 .text          0x00000092        0x0 ./MCAL/TIMER/Timer.o
 .text          0x00000092        0x0 ./MCAL/SPI/SPI.o
 .text          0x00000092        0x0 ./MCAL/I2C/I2C.o
 .text          0x00000092        0x0 ./MCAL/I2C/i2c_slave.o
 .text          0x00000092        0x0 ./MCAL/DIO_Driver/DIO.o
 .text          0x00000092        0x0 ./MCAL/ADC/ADC.o
 .text          0x00000092        0x0 ./HAL/Servo_Motor.o
 .text          0x00000092        0x0 ./HAL/SevenSegment.o
 .text          0x00000092        0x0 ./HAL/keypad.o
 .text          0x00000092        0x0 ./HAL/lcd_driver.o
 .text          0x00000092        0x0 ./App/ECU1_TASKS.o
 .text          0x00000092        0x0 ./App/main.o
 .text          0x00000092        0x0 c:/winavr-20100110/bin/../lib/gcc/avr/4.3.3/avr5\libgcc.a(_divmodhi4.o)
 .text          0x00000092        0x0 c:/winavr-20100110/bin/../lib/gcc/avr/4.3.3/avr5\libgcc.a(_udivmodsi4.o)
 .text          0x00000092        0x0 c:/winavr-20100110/bin/../lib/gcc/avr/4.3.3/avr5\libgcc.a(_exit.o)
 .text          0x00000092        0x0 c:/winavr-20100110/bin/../lib/gcc/avr/4.3.3/avr5\libgcc.a(_copy_data.o)
 .text          0x00000092        0x0 c:/winavr-20100110/bin/../lib/gcc/avr/4.3.3/avr5\libgcc.a(_clear_bss.o)
 .text          0x00000092       0x58 c:/winavr-20100110/bin/../lib/gcc/avr/4.3.3/avr5\libgcc.a(_fixunssfsi.o)
                0x00000092                __fixunssfsi
 .text          0x000000ea      0x354 c:/winavr-20100110/bin/../lib/gcc/avr/4.3.3/avr5\libgcc.a(_addsub_sf.o)
                0x00000382                __subsf3
                0x000003e4                __addsf3
 .text          0x0000043e      0x1f4 c:/winavr-20100110/bin/../lib/gcc/avr/4.3.3/avr5\libgcc.a(_mul_sf.o)
                0x0000043e                __mulsf3
 .text          0x00000632       0x60 c:/winavr-20100110/bin/../lib/gcc/avr/4.3.3/avr5\libgcc.a(_gt_sf.o)
                0x00000632                __gtsf2
 .text          0x00000692       0x60 c:/winavr-20100110/bin/../lib/gcc/avr/4.3.3/avr5\libgcc.a(_ge_sf.o)
                0x00000692                __gesf2
 .text          0x000006f2       0x60 c:/winavr-20100110/bin/../lib/gcc/avr/4.3.3/avr5\libgcc.a(_lt_sf.o)
                0x000006f2                __ltsf2
 .text          0x00000752       0xbc c:/winavr-20100110/bin/../lib/gcc/avr/4.3.3/avr5\libgcc.a(_si_to_sf.o)
                0x00000752                __floatsisf
 .text          0x0000080e       0xa8 c:/winavr-20100110/bin/../lib/gcc/avr/4.3.3/avr5\libgcc.a(_sf_to_si.o)
                0x0000080e                __fixsfsi
 .text          0x000008b6        0x0 c:/winavr-20100110/bin/../lib/gcc/avr/4.3.3/avr5\libgcc.a(_thenan_sf.o)
 .text          0x000008b6        0x0 c:/winavr-20100110/bin/../lib/gcc/avr/4.3.3/avr5\libgcc.a(_udivmodhi4.o)
 .text          0x000008b6        0x0 c:/winavr-20100110/bin/../lib/gcc/avr/4.3.3/avr5\libgcc.a(_prologue.o)
 .text          0x000008b6        0x0 c:/winavr-20100110/bin/../lib/gcc/avr/4.3.3/avr5\libgcc.a(_epilogue.o)
 .text          0x000008b6       0x9e c:/winavr-20100110/bin/../lib/gcc/avr/4.3.3/avr5\libgcc.a(_clzsi2.o)
                0x000008b6                __clzsi2
 .text          0x00000954      0x1aa c:/winavr-20100110/bin/../lib/gcc/avr/4.3.3/avr5\libgcc.a(_pack_sf.o)
                0x00000954                __pack_f
 .text          0x00000afe       0xf0 c:/winavr-20100110/bin/../lib/gcc/avr/4.3.3/avr5\libgcc.a(_unpack_sf.o)
                0x00000afe                __unpack_f
 .text          0x00000bee       0xb2 c:/winavr-20100110/bin/../lib/gcc/avr/4.3.3/avr5\libgcc.a(_fpcmp_parts_sf.o)
                0x00000bee                __fpcmp_parts_f
 .text          0x00000ca0        0x0 c:/winavr-20100110/bin/../lib/gcc/avr/4.3.3/avr5\libgcc.a(_clz.o)
 .text          0x00000ca0        0x0 c:/winavr-20100110/bin/../lib/gcc/avr/4.3.3/../../../../avr/lib/avr5\libc.a(sprintf.o)
 .text          0x00000ca0        0x0 c:/winavr-20100110/bin/../lib/gcc/avr/4.3.3/../../../../avr/lib/avr5\libc.a(vfprintf_std.o)
 .text          0x00000ca0        0x0 c:/winavr-20100110/bin/../lib/gcc/avr/4.3.3/../../../../avr/lib/avr5\libc.a(strnlen_P.o)
 .text          0x00000ca0        0x0 c:/winavr-20100110/bin/../lib/gcc/avr/4.3.3/../../../../avr/lib/avr5\libc.a(strnlen.o)
 .text          0x00000ca0        0x0 c:/winavr-20100110/bin/../lib/gcc/avr/4.3.3/../../../../avr/lib/avr5\libc.a(fputc.o)
 .text          0x00000ca0        0x0 c:/winavr-20100110/bin/../lib/gcc/avr/4.3.3/../../../../avr/lib/avr5\libc.a(ultoa_invert.o)
                0x00000ca0                . = ALIGN (0x2)
 *(.text.*)
 .text.MCAL_UART_Init
                0x00000ca0       0xd0 ./MCAL/UART/UART.o
                0x00000ca0                MCAL_UART_Init
 .text.MCAL_UART_send_data
                0x00000d70       0xac ./MCAL/UART/UART.o
                0x00000d70                MCAL_UART_send_data
 .text.MCAL_UART_Receive_data
                0x00000e1c       0x88 ./MCAL/UART/UART.o
                0x00000e1c                MCAL_UART_Receive_data
 .text.MCAL_UART_Send_String
                0x00000ea4       0x38 ./MCAL/UART/UART.o
                0x00000ea4                MCAL_UART_Send_String
 .text.MCAL_UART_Receive_String
                0x00000edc       0x52 ./MCAL/UART/UART.o
                0x00000edc                MCAL_UART_Receive_String
 .text.MCAL_Timer0_Init
                0x00000f2e      0x102 ./MCAL/TIMER/Timer.o
                0x00000f2e                MCAL_Timer0_Init
 .text.MCAL_Timer0_DeInit
                0x00001030       0x1c ./MCAL/TIMER/Timer.o
                0x00001030                MCAL_Timer0_DeInit
 .text.MCAL_Timer0_GetCounterValue
                0x0000104c       0x24 ./MCAL/TIMER/Timer.o
                0x0000104c                MCAL_Timer0_GetCounterValue
 .text.MCAL_Timer0_SetCompareValue
                0x00001070       0x1c ./MCAL/TIMER/Timer.o
                0x00001070                MCAL_Timer0_SetCompareValue
 .text.MCAL_Timer0_PWM_DutyCycle
                0x0000108c       0x90 ./MCAL/TIMER/Timer.o
                0x0000108c                MCAL_Timer0_PWM_DutyCycle
 .text.__vector_11
                0x0000111c       0x5a ./MCAL/TIMER/Timer.o
                0x0000111c                __vector_11
 .text.__vector_10
                0x00001176       0x5a ./MCAL/TIMER/Timer.o
                0x00001176                __vector_10
 .text.MCAL_SPI_Init
                0x000011d0      0x15e ./MCAL/SPI/SPI.o
                0x000011d0                MCAL_SPI_Init
 .text.MCAL_SPI_DEInit
                0x0000132e       0x1a ./MCAL/SPI/SPI.o
                0x0000132e                MCAL_SPI_DEInit
 .text.MCAL_SPI_Send_Data
                0x00001348       0x56 ./MCAL/SPI/SPI.o
                0x00001348                MCAL_SPI_Send_Data
 .text.MCAL_SPI_Send_String
                0x0000139e       0x38 ./MCAL/SPI/SPI.o
                0x0000139e                MCAL_SPI_Send_String
 .text.MCAL_SPI_Receive_Data
                0x000013d6       0x46 ./MCAL/SPI/SPI.o
                0x000013d6                MCAL_SPI_Receive_Data
 .text.MCAL_SPI_send_receive
                0x0000141c       0x18 ./MCAL/SPI/SPI.o
                0x0000141c                MCAL_SPI_send_receive
 .text.__vector_12
                0x00001434       0x60 ./MCAL/SPI/SPI.o
                0x00001434                __vector_12
 .text.MCAL_I2C_Init
                0x00001494      0x1e2 ./MCAL/I2C/I2C.o
                0x00001494                MCAL_I2C_Init
 .text.MCAL_I2C_Start_Condition
                0x00001676       0x20 ./MCAL/I2C/I2C.o
                0x00001676                MCAL_I2C_Start_Condition
 .text.MCAL_I2C_Stop_Condition
                0x00001696       0x28 ./MCAL/I2C/I2C.o
                0x00001696                MCAL_I2C_Stop_Condition
 .text.MCAL_I2C_TX
                0x000016be       0x36 ./MCAL/I2C/I2C.o
                0x000016be                MCAL_I2C_TX
 .text.MCAL_I2C_RX_ACK
                0x000016f4       0x36 ./MCAL/I2C/I2C.o
                0x000016f4                MCAL_I2C_RX_ACK
 .text.MCAL_I2C_RX_NACK
                0x0000172a       0x36 ./MCAL/I2C/I2C.o
                0x0000172a                MCAL_I2C_RX_NACK
 .text.I2C_Slave_Init
                0x00001760       0x24 ./MCAL/I2C/i2c_slave.o
                0x00001760                I2C_Slave_Init
 .text.I2C_Slave_Listen
                0x00001784       0x18 ./MCAL/I2C/i2c_slave.o
                0x00001784                I2C_Slave_Listen
 .text.I2C_Slave_Receive
                0x0000179c       0x18 ./MCAL/I2C/i2c_slave.o
                0x0000179c                I2C_Slave_Receive
 .text.I2C_Slave_Transmit
                0x000017b4       0x2e ./MCAL/I2C/i2c_slave.o
                0x000017b4                I2C_Slave_Transmit
 .text.DIO_SetPinDirection
                0x000017e2      0x200 ./MCAL/DIO_Driver/DIO.o
                0x000017e2                DIO_SetPinDirection
 .text.DIO_SetPinValue
                0x000019e2      0x200 ./MCAL/DIO_Driver/DIO.o
                0x000019e2                DIO_SetPinValue
 .text.DIO_GetPinValue
                0x00001be2      0x158 ./MCAL/DIO_Driver/DIO.o
                0x00001be2                DIO_GetPinValue
 .text.DIO_TogglePin
                0x00001d3a       0xfa ./MCAL/DIO_Driver/DIO.o
                0x00001d3a                DIO_TogglePin
 .text.DIO_SetPortDirection
                0x00001e34       0xf2 ./MCAL/DIO_Driver/DIO.o
                0x00001e34                DIO_SetPortDirection
 .text.DIO_SetPortValue
                0x00001f26       0xf2 ./MCAL/DIO_Driver/DIO.o
                0x00001f26                DIO_SetPortValue
 .text.DIO_GetPortValue
                0x00002018       0x84 ./MCAL/DIO_Driver/DIO.o
                0x00002018                DIO_GetPortValue
 .text.DIO_TogglePort
                0x0000209c       0xae ./MCAL/DIO_Driver/DIO.o
                0x0000209c                DIO_TogglePort
 .text.MCAL_ADC_Init
                0x0000214a       0xf0 ./MCAL/ADC/ADC.o
                0x0000214a                MCAL_ADC_Init
 .text.MCAL_ADC_DeInit
                0x0000223a       0x28 ./MCAL/ADC/ADC.o
                0x0000223a                MCAL_ADC_DeInit
 .text.MCAL_ADC_GetConversionResult
                0x00002262      0x15a ./MCAL/ADC/ADC.o
                0x00002262                MCAL_ADC_GetConversionResult
 .text.__vector_16
                0x000023bc       0x5a ./MCAL/ADC/ADC.o
                0x000023bc                __vector_16
 .text.servo_Motor_Init
                0x00002416       0x34 ./HAL/Servo_Motor.o
                0x00002416                servo_Motor_Init
 .text.Open_Gate
                0x0000244a       0x14 ./HAL/Servo_Motor.o
                0x0000244a                Open_Gate
 .text.Close_Gate
                0x0000245e       0x14 ./HAL/Servo_Motor.o
                0x0000245e                Close_Gate
 .text.SSD_init
                0x00002472       0x2a ./HAL/SevenSegment.o
                0x00002472                SSD_init
 .text.SSD_Write
                0x0000249c       0x66 ./HAL/SevenSegment.o
                0x0000249c                SSD_Write
 .text.keypad_Init
                0x00002502       0x32 ./HAL/keypad.o
                0x00002502                keypad_Init
 .text.keypad_GetKey
                0x00002534      0x2ac ./HAL/keypad.o
                0x00002534                keypad_GetKey
 .text.LCD_Init
                0x000027e0      0x22e ./HAL/lcd_driver.o
                0x000027e0                LCD_Init
 .text.LCD_Clear_Screen
                0x00002a0e       0x14 ./HAL/lcd_driver.o
                0x00002a0e                LCD_Clear_Screen
 .text.LCD_Send_Command
                0x00002a22      0x12a ./HAL/lcd_driver.o
                0x00002a22                LCD_Send_Command
 .text.LCD_Send_Character
                0x00002b4c      0x138 ./HAL/lcd_driver.o
                0x00002b4c                LCD_Send_Character
 .text.LCD_Send_String
                0x00002c84       0xb6 ./HAL/lcd_driver.o
                0x00002c84                LCD_Send_String
 .text.LCD_Send_Custom_String
                0x00002d3a       0x5c ./HAL/lcd_driver.o
                0x00002d3a                LCD_Send_Custom_String
 .text.LCD_Kick
                0x00002d96      0x126 ./HAL/lcd_driver.o
                0x00002d96                LCD_Kick
 .text.LCD_Check_Is_Busy
                0x00002ebc       0x5c ./HAL/lcd_driver.o
                0x00002ebc                LCD_Check_Is_Busy
 .text.LCD_gotoXY
                0x00002f18       0x98 ./HAL/lcd_driver.o
                0x00002f18                LCD_gotoXY
 .text.LCD_Display_Number
                0x00002fb0       0x6a ./HAL/lcd_driver.o
                0x00002fb0                LCD_Display_Number
 .text.LCD_Display_Real_Number
                0x0000301a      0x178 ./HAL/lcd_driver.o
                0x0000301a                LCD_Display_Real_Number
 .text.Enter_Gate_ECU1
                0x00003192       0x74 ./App/ECU1_TASKS.o
                0x00003192                Enter_Gate_ECU1
 .text.spi_Send_ID_to_ECU3
                0x00003206       0x36 ./App/ECU1_TASKS.o
                0x00003206                spi_Send_ID_to_ECU3
 .text.Correct_ID
                0x0000323c      0x158 ./App/ECU1_TASKS.o
                0x0000323c                Correct_ID
 .text.Wrong_ID
                0x00003394      0x13a ./App/ECU1_TASKS.o
                0x00003394                Wrong_ID
 .text.Play_Buzzer
                0x000034ce      0x11e ./App/ECU1_TASKS.o
                0x000034ce                Play_Buzzer
 .text.init_Some_Pins
                0x000035ec       0x40 ./App/ECU1_TASKS.o
                0x000035ec                init_Some_Pins
 .text.ECU1_UART_init
                0x0000362c       0x44 ./App/ECU1_TASKS.o
                0x0000362c                ECU1_UART_init
 .text.ECU1_SPI_init
                0x00003670       0x48 ./App/ECU1_TASKS.o
                0x00003670                ECU1_SPI_init
 .text.main     0x000036b8      0x166 ./App/main.o
                0x000036b8                main
 .text.libgcc   0x0000381e       0x26 c:/winavr-20100110/bin/../lib/gcc/avr/4.3.3/avr5\libgcc.a(_divmodhi4.o)
                0x0000381e                __divmodhi4
                0x0000381e                _div
 .text.libgcc   0x00003844       0x44 c:/winavr-20100110/bin/../lib/gcc/avr/4.3.3/avr5\libgcc.a(_udivmodsi4.o)
                0x00003844                __udivmodsi4
 .text.libgcc   0x00003888        0x0 c:/winavr-20100110/bin/../lib/gcc/avr/4.3.3/avr5\libgcc.a(_exit.o)
 .text.libgcc   0x00003888        0x0 c:/winavr-20100110/bin/../lib/gcc/avr/4.3.3/avr5\libgcc.a(_copy_data.o)
 .text.libgcc   0x00003888        0x0 c:/winavr-20100110/bin/../lib/gcc/avr/4.3.3/avr5\libgcc.a(_clear_bss.o)
 .text.libgcc   0x00003888       0x28 c:/winavr-20100110/bin/../lib/gcc/avr/4.3.3/avr5\libgcc.a(_udivmodhi4.o)
                0x00003888                __udivmodhi4
 .text.libgcc   0x000038b0       0x38 c:/winavr-20100110/bin/../lib/gcc/avr/4.3.3/avr5\libgcc.a(_prologue.o)
                0x000038b0                __prologue_saves__
 .text.libgcc   0x000038e8       0x36 c:/winavr-20100110/bin/../lib/gcc/avr/4.3.3/avr5\libgcc.a(_epilogue.o)
                0x000038e8                __epilogue_restores__
 .text.avr-libc
                0x0000391e       0x48 c:/winavr-20100110/bin/../lib/gcc/avr/4.3.3/../../../../avr/lib/avr5\libc.a(sprintf.o)
                0x0000391e                sprintf
 .text.avr-libc
                0x00003966      0x3ba c:/winavr-20100110/bin/../lib/gcc/avr/4.3.3/../../../../avr/lib/avr5\libc.a(vfprintf_std.o)
                0x00003966                vfprintf
 .text.avr-libc
                0x00003d20       0x16 c:/winavr-20100110/bin/../lib/gcc/avr/4.3.3/../../../../avr/lib/avr5\libc.a(strnlen_P.o)
                0x00003d20                strnlen_P
 .text.avr-libc
                0x00003d36       0x16 c:/winavr-20100110/bin/../lib/gcc/avr/4.3.3/../../../../avr/lib/avr5\libc.a(strnlen.o)
                0x00003d36                strnlen
 .text.avr-libc
                0x00003d4c       0x58 c:/winavr-20100110/bin/../lib/gcc/avr/4.3.3/../../../../avr/lib/avr5\libc.a(fputc.o)
                0x00003d4c                fputc
 .text.avr-libc
                0x00003da4       0xbc c:/winavr-20100110/bin/../lib/gcc/avr/4.3.3/../../../../avr/lib/avr5\libc.a(ultoa_invert.o)
                0x00003da4                __ultoa_invert
                0x00003e60                . = ALIGN (0x2)
 *(.fini9)
 .fini9         0x00003e60        0x0 c:/winavr-20100110/bin/../lib/gcc/avr/4.3.3/avr5\libgcc.a(_exit.o)
                0x00003e60                exit
                0x00003e60                _exit
 *(.fini9)
 *(.fini8)
 *(.fini8)
 *(.fini7)
 *(.fini7)
 *(.fini6)
 *(.fini6)
 *(.fini5)
 *(.fini5)
 *(.fini4)
 *(.fini4)
 *(.fini3)
 *(.fini3)
 *(.fini2)
 *(.fini2)
 *(.fini1)
 *(.fini1)
 *(.fini0)
 .fini0         0x00003e60        0x4 c:/winavr-20100110/bin/../lib/gcc/avr/4.3.3/avr5\libgcc.a(_exit.o)
 *(.fini0)
                0x00003e64                _etext = .

.data           0x00800060      0x1ba load address 0x00003e64
                0x00800060                PROVIDE (__data_start, .)
 *(.data)
 .data          0x00800060        0x0 c:/winavr-20100110/bin/../lib/gcc/avr/4.3.3/../../../../avr/lib/avr5/crtm32.o
 .data          0x00800060        0x0 ./MCAL/UART/UART.o
 .data          0x00800060        0x0 ./MCAL/TIMER/Timer.o
 .data          0x00800060        0x0 ./MCAL/SPI/SPI.o
 .data          0x00800060        0x0 ./MCAL/I2C/I2C.o
 .data          0x00800060        0x0 ./MCAL/I2C/i2c_slave.o
 .data          0x00800060        0x0 ./MCAL/DIO_Driver/DIO.o
 .data          0x00800060        0x0 ./MCAL/ADC/ADC.o
 .data          0x00800060        0x0 ./HAL/Servo_Motor.o
 .data          0x00800060        0x0 ./HAL/SevenSegment.o
 .data          0x00800060        0x0 ./HAL/keypad.o
 .data          0x00800060       0x10 ./HAL/lcd_driver.o
 .data          0x00800070       0x4d ./App/ECU1_TASKS.o
 .data          0x008000bd       0x31 ./App/main.o
 .data          0x008000ee        0x0 c:/winavr-20100110/bin/../lib/gcc/avr/4.3.3/avr5\libgcc.a(_divmodhi4.o)
 .data          0x008000ee        0x0 c:/winavr-20100110/bin/../lib/gcc/avr/4.3.3/avr5\libgcc.a(_udivmodsi4.o)
 .data          0x008000ee        0x0 c:/winavr-20100110/bin/../lib/gcc/avr/4.3.3/avr5\libgcc.a(_exit.o)
 .data          0x008000ee        0x0 c:/winavr-20100110/bin/../lib/gcc/avr/4.3.3/avr5\libgcc.a(_copy_data.o)
 .data          0x008000ee        0x0 c:/winavr-20100110/bin/../lib/gcc/avr/4.3.3/avr5\libgcc.a(_clear_bss.o)
 .data          0x008000ee        0x0 c:/winavr-20100110/bin/../lib/gcc/avr/4.3.3/avr5\libgcc.a(_fixunssfsi.o)
 .data          0x008000ee        0x0 c:/winavr-20100110/bin/../lib/gcc/avr/4.3.3/avr5\libgcc.a(_addsub_sf.o)
 .data          0x008000ee        0x0 c:/winavr-20100110/bin/../lib/gcc/avr/4.3.3/avr5\libgcc.a(_mul_sf.o)
 .data          0x008000ee        0x0 c:/winavr-20100110/bin/../lib/gcc/avr/4.3.3/avr5\libgcc.a(_gt_sf.o)
 .data          0x008000ee        0x0 c:/winavr-20100110/bin/../lib/gcc/avr/4.3.3/avr5\libgcc.a(_ge_sf.o)
 .data          0x008000ee        0x0 c:/winavr-20100110/bin/../lib/gcc/avr/4.3.3/avr5\libgcc.a(_lt_sf.o)
 .data          0x008000ee        0x0 c:/winavr-20100110/bin/../lib/gcc/avr/4.3.3/avr5\libgcc.a(_si_to_sf.o)
 .data          0x008000ee        0x0 c:/winavr-20100110/bin/../lib/gcc/avr/4.3.3/avr5\libgcc.a(_sf_to_si.o)
 .data          0x008000ee        0x8 c:/winavr-20100110/bin/../lib/gcc/avr/4.3.3/avr5\libgcc.a(_thenan_sf.o)
                0x008000ee                __thenan_sf
 .data          0x008000f6        0x0 c:/winavr-20100110/bin/../lib/gcc/avr/4.3.3/avr5\libgcc.a(_udivmodhi4.o)
 .data          0x008000f6        0x0 c:/winavr-20100110/bin/../lib/gcc/avr/4.3.3/avr5\libgcc.a(_prologue.o)
 .data          0x008000f6        0x0 c:/winavr-20100110/bin/../lib/gcc/avr/4.3.3/avr5\libgcc.a(_epilogue.o)
 .data          0x008000f6        0x0 c:/winavr-20100110/bin/../lib/gcc/avr/4.3.3/avr5\libgcc.a(_clzsi2.o)
 .data          0x008000f6        0x0 c:/winavr-20100110/bin/../lib/gcc/avr/4.3.3/avr5\libgcc.a(_pack_sf.o)
 .data          0x008000f6        0x0 c:/winavr-20100110/bin/../lib/gcc/avr/4.3.3/avr5\libgcc.a(_unpack_sf.o)
 .data          0x008000f6        0x0 c:/winavr-20100110/bin/../lib/gcc/avr/4.3.3/avr5\libgcc.a(_fpcmp_parts_sf.o)
 .data          0x008000f6      0x100 c:/winavr-20100110/bin/../lib/gcc/avr/4.3.3/avr5\libgcc.a(_clz.o)
                0x008000f6                __clz_tab
 .data          0x008001f6        0x0 c:/winavr-20100110/bin/../lib/gcc/avr/4.3.3/../../../../avr/lib/avr5\libc.a(sprintf.o)
 .data          0x008001f6        0x0 c:/winavr-20100110/bin/../lib/gcc/avr/4.3.3/../../../../avr/lib/avr5\libc.a(vfprintf_std.o)
 .data          0x008001f6        0x0 c:/winavr-20100110/bin/../lib/gcc/avr/4.3.3/../../../../avr/lib/avr5\libc.a(strnlen_P.o)
 .data          0x008001f6        0x0 c:/winavr-20100110/bin/../lib/gcc/avr/4.3.3/../../../../avr/lib/avr5\libc.a(strnlen.o)
 .data          0x008001f6        0x0 c:/winavr-20100110/bin/../lib/gcc/avr/4.3.3/../../../../avr/lib/avr5\libc.a(fputc.o)
 .data          0x008001f6        0x0 c:/winavr-20100110/bin/../lib/gcc/avr/4.3.3/../../../../avr/lib/avr5\libc.a(ultoa_invert.o)
 *(.data*)
 .data.seg_CAnodeVal
                0x008001f6        0xa ./HAL/SevenSegment.o
 .data.seg_CCathodeVal
                0x00800200        0xa ./HAL/SevenSegment.o
 .data.keypad_Row
                0x0080020a        0x8 ./HAL/keypad.o
                0x0080020a                keypad_Row
 .data.keypad_Column
                0x00800212        0x8 ./HAL/keypad.o
                0x00800212                keypad_Column
 *(.rodata)
 *(.rodata*)
 *(.gnu.linkonce.d*)
                0x0080021a                . = ALIGN (0x2)
                0x0080021a                _edata = .
                0x0080021a                PROVIDE (__data_end, .)

.bss            0x0080021a       0x45
                0x0080021a                PROVIDE (__bss_start, .)
 *(.bss)
 .bss           0x0080021a        0x0 c:/winavr-20100110/bin/../lib/gcc/avr/4.3.3/../../../../avr/lib/avr5/crtm32.o
 .bss           0x0080021a        0x0 ./MCAL/UART/UART.o
 .bss           0x0080021a        0x0 ./MCAL/TIMER/Timer.o
 .bss           0x0080021a        0x0 ./MCAL/SPI/SPI.o
 .bss           0x0080021a        0x0 ./MCAL/I2C/I2C.o
 .bss           0x0080021a        0x0 ./MCAL/I2C/i2c_slave.o
 .bss           0x0080021a        0x0 ./MCAL/DIO_Driver/DIO.o
 .bss           0x0080021a        0x0 ./MCAL/ADC/ADC.o
 .bss           0x0080021a        0x0 ./HAL/Servo_Motor.o
 .bss           0x0080021a        0x0 ./HAL/SevenSegment.o
 .bss           0x0080021a        0x0 ./HAL/keypad.o
 .bss           0x0080021a        0x0 ./HAL/lcd_driver.o
 .bss           0x0080021a        0x0 ./App/ECU1_TASKS.o
 .bss           0x0080021a        0x0 ./App/main.o
 .bss           0x0080021a        0x0 c:/winavr-20100110/bin/../lib/gcc/avr/4.3.3/avr5\libgcc.a(_divmodhi4.o)
 .bss           0x0080021a        0x0 c:/winavr-20100110/bin/../lib/gcc/avr/4.3.3/avr5\libgcc.a(_udivmodsi4.o)
 .bss           0x0080021a        0x0 c:/winavr-20100110/bin/../lib/gcc/avr/4.3.3/avr5\libgcc.a(_exit.o)
 .bss           0x0080021a        0x0 c:/winavr-20100110/bin/../lib/gcc/avr/4.3.3/avr5\libgcc.a(_copy_data.o)
 .bss           0x0080021a        0x0 c:/winavr-20100110/bin/../lib/gcc/avr/4.3.3/avr5\libgcc.a(_clear_bss.o)
 .bss           0x0080021a        0x0 c:/winavr-20100110/bin/../lib/gcc/avr/4.3.3/avr5\libgcc.a(_fixunssfsi.o)
 .bss           0x0080021a        0x0 c:/winavr-20100110/bin/../lib/gcc/avr/4.3.3/avr5\libgcc.a(_addsub_sf.o)
 .bss           0x0080021a        0x0 c:/winavr-20100110/bin/../lib/gcc/avr/4.3.3/avr5\libgcc.a(_mul_sf.o)
 .bss           0x0080021a        0x0 c:/winavr-20100110/bin/../lib/gcc/avr/4.3.3/avr5\libgcc.a(_gt_sf.o)
 .bss           0x0080021a        0x0 c:/winavr-20100110/bin/../lib/gcc/avr/4.3.3/avr5\libgcc.a(_ge_sf.o)
 .bss           0x0080021a        0x0 c:/winavr-20100110/bin/../lib/gcc/avr/4.3.3/avr5\libgcc.a(_lt_sf.o)
 .bss           0x0080021a        0x0 c:/winavr-20100110/bin/../lib/gcc/avr/4.3.3/avr5\libgcc.a(_si_to_sf.o)
 .bss           0x0080021a        0x0 c:/winavr-20100110/bin/../lib/gcc/avr/4.3.3/avr5\libgcc.a(_sf_to_si.o)
 .bss           0x0080021a        0x0 c:/winavr-20100110/bin/../lib/gcc/avr/4.3.3/avr5\libgcc.a(_thenan_sf.o)
 .bss           0x0080021a        0x0 c:/winavr-20100110/bin/../lib/gcc/avr/4.3.3/avr5\libgcc.a(_udivmodhi4.o)
 .bss           0x0080021a        0x0 c:/winavr-20100110/bin/../lib/gcc/avr/4.3.3/avr5\libgcc.a(_prologue.o)
 .bss           0x0080021a        0x0 c:/winavr-20100110/bin/../lib/gcc/avr/4.3.3/avr5\libgcc.a(_epilogue.o)
 .bss           0x0080021a        0x0 c:/winavr-20100110/bin/../lib/gcc/avr/4.3.3/avr5\libgcc.a(_clzsi2.o)
 .bss           0x0080021a        0x0 c:/winavr-20100110/bin/../lib/gcc/avr/4.3.3/avr5\libgcc.a(_pack_sf.o)
 .bss           0x0080021a        0x0 c:/winavr-20100110/bin/../lib/gcc/avr/4.3.3/avr5\libgcc.a(_unpack_sf.o)
 .bss           0x0080021a        0x0 c:/winavr-20100110/bin/../lib/gcc/avr/4.3.3/avr5\libgcc.a(_fpcmp_parts_sf.o)
 .bss           0x0080021a        0x0 c:/winavr-20100110/bin/../lib/gcc/avr/4.3.3/avr5\libgcc.a(_clz.o)
 .bss           0x0080021a        0x0 c:/winavr-20100110/bin/../lib/gcc/avr/4.3.3/../../../../avr/lib/avr5\libc.a(sprintf.o)
 .bss           0x0080021a        0x0 c:/winavr-20100110/bin/../lib/gcc/avr/4.3.3/../../../../avr/lib/avr5\libc.a(vfprintf_std.o)
 .bss           0x0080021a        0x0 c:/winavr-20100110/bin/../lib/gcc/avr/4.3.3/../../../../avr/lib/avr5\libc.a(strnlen_P.o)
 .bss           0x0080021a        0x0 c:/winavr-20100110/bin/../lib/gcc/avr/4.3.3/../../../../avr/lib/avr5\libc.a(strnlen.o)
 .bss           0x0080021a        0x0 c:/winavr-20100110/bin/../lib/gcc/avr/4.3.3/../../../../avr/lib/avr5\libc.a(fputc.o)
 .bss           0x0080021a        0x0 c:/winavr-20100110/bin/../lib/gcc/avr/4.3.3/../../../../avr/lib/avr5\libc.a(ultoa_invert.o)
 *(.bss*)
 .bss.string.1456
                0x0080021a       0x32 ./MCAL/UART/UART.o
 .bss.GP_IRQ_CallBack
                0x0080024c        0x2 ./MCAL/TIMER/Timer.o
                0x0080024c                GP_IRQ_CallBack
 .bss.G_SPI_Config
                0x0080024e        0x2 ./MCAL/SPI/SPI.o
                0x0080024e                G_SPI_Config
 *(COMMON)
 COMMON         0x00800250        0x5 ./MCAL/TIMER/Timer.o
                0x00800250                G_Timer0_ConFig
 COMMON         0x00800255        0x7 ./MCAL/ADC/ADC.o
                0x00800255                G_ADC_ConFig
 COMMON         0x0080025c        0x3 ./App/ECU1_TASKS.o
                0x0080025c                Entered_ID
                0x0080025e                ID_State
                0x0080025f                PROVIDE (__bss_end, .)
                0x00003e64                __data_load_start = LOADADDR (.data)
                0x0000401e                __data_load_end = (__data_load_start + SIZEOF (.data))

.noinit         0x0080025f        0x0
                0x0080025f                PROVIDE (__noinit_start, .)
 *(.noinit*)
                0x0080025f                PROVIDE (__noinit_end, .)
                0x0080025f                _end = .
                0x0080025f                PROVIDE (__heap_start, .)

.eeprom         0x00810000        0x0
 *(.eeprom*)
                0x00810000                __eeprom_end = .

.fuse
 *(.fuse)
 *(.lfuse)
 *(.hfuse)
 *(.efuse)

.lock
 *(.lock*)

.signature
 *(.signature*)

.stab
 *(.stab)

.stabstr
 *(.stabstr)

.stab.excl
 *(.stab.excl)

.stab.exclstr
 *(.stab.exclstr)

.stab.index
 *(.stab.index)

.stab.indexstr
 *(.stab.indexstr)

.comment
 *(.comment)

.debug
 *(.debug)

.line
 *(.line)

.debug_srcinfo
 *(.debug_srcinfo)

.debug_sfnames
 *(.debug_sfnames)

.debug_aranges  0x00000000      0x4d8
 *(.debug_aranges)
 .debug_aranges
                0x00000000       0x40 ./MCAL/UART/UART.o
 .debug_aranges
                0x00000040       0x50 ./MCAL/TIMER/Timer.o
 .debug_aranges
                0x00000090       0x50 ./MCAL/SPI/SPI.o
 .debug_aranges
                0x000000e0       0x48 ./MCAL/I2C/I2C.o
 .debug_aranges
                0x00000128       0x38 ./MCAL/I2C/i2c_slave.o
 .debug_aranges
                0x00000160       0x58 ./MCAL/DIO_Driver/DIO.o
 .debug_aranges
                0x000001b8       0x38 ./MCAL/ADC/ADC.o
 .debug_aranges
                0x000001f0       0x30 ./HAL/Servo_Motor.o
 .debug_aranges
                0x00000220       0x28 ./HAL/SevenSegment.o
 .debug_aranges
                0x00000248       0x28 ./HAL/keypad.o
 .debug_aranges
                0x00000270       0x70 ./HAL/lcd_driver.o
 .debug_aranges
                0x000002e0       0x58 ./App/ECU1_TASKS.o
 .debug_aranges
                0x00000338       0x20 ./App/main.o
 .debug_aranges
                0x00000358       0x20 c:/winavr-20100110/bin/../lib/gcc/avr/4.3.3/avr5\libgcc.a(_fixunssfsi.o)
 .debug_aranges
                0x00000378       0x20 c:/winavr-20100110/bin/../lib/gcc/avr/4.3.3/avr5\libgcc.a(_addsub_sf.o)
 .debug_aranges
                0x00000398       0x20 c:/winavr-20100110/bin/../lib/gcc/avr/4.3.3/avr5\libgcc.a(_mul_sf.o)
 .debug_aranges
                0x000003b8       0x20 c:/winavr-20100110/bin/../lib/gcc/avr/4.3.3/avr5\libgcc.a(_gt_sf.o)
 .debug_aranges
                0x000003d8       0x20 c:/winavr-20100110/bin/../lib/gcc/avr/4.3.3/avr5\libgcc.a(_ge_sf.o)
 .debug_aranges
                0x000003f8       0x20 c:/winavr-20100110/bin/../lib/gcc/avr/4.3.3/avr5\libgcc.a(_lt_sf.o)
 .debug_aranges
                0x00000418       0x20 c:/winavr-20100110/bin/../lib/gcc/avr/4.3.3/avr5\libgcc.a(_si_to_sf.o)
 .debug_aranges
                0x00000438       0x20 c:/winavr-20100110/bin/../lib/gcc/avr/4.3.3/avr5\libgcc.a(_sf_to_si.o)
 .debug_aranges
                0x00000458       0x20 c:/winavr-20100110/bin/../lib/gcc/avr/4.3.3/avr5\libgcc.a(_clzsi2.o)
 .debug_aranges
                0x00000478       0x20 c:/winavr-20100110/bin/../lib/gcc/avr/4.3.3/avr5\libgcc.a(_pack_sf.o)
 .debug_aranges
                0x00000498       0x20 c:/winavr-20100110/bin/../lib/gcc/avr/4.3.3/avr5\libgcc.a(_unpack_sf.o)
 .debug_aranges
                0x000004b8       0x20 c:/winavr-20100110/bin/../lib/gcc/avr/4.3.3/avr5\libgcc.a(_fpcmp_parts_sf.o)

.debug_pubnames
                0x00000000      0x8c5
 *(.debug_pubnames)
 .debug_pubnames
                0x00000000       0x8f ./MCAL/UART/UART.o
 .debug_pubnames
                0x0000008f       0xe4 ./MCAL/TIMER/Timer.o
 .debug_pubnames
                0x00000173       0xbd ./MCAL/SPI/SPI.o
 .debug_pubnames
                0x00000230       0x96 ./MCAL/I2C/I2C.o
 .debug_pubnames
                0x000002c6       0x67 ./MCAL/I2C/i2c_slave.o
 .debug_pubnames
                0x0000032d       0xba ./MCAL/DIO_Driver/DIO.o
 .debug_pubnames
                0x000003e7       0x7a ./MCAL/ADC/ADC.o
 .debug_pubnames
                0x00000461       0x44 ./HAL/Servo_Motor.o
 .debug_pubnames
                0x000004a5       0x2d ./HAL/SevenSegment.o
 .debug_pubnames
                0x000004d2       0x55 ./HAL/keypad.o
 .debug_pubnames
                0x00000527       0xf4 ./HAL/lcd_driver.o
 .debug_pubnames
                0x0000061b       0xbe ./App/ECU1_TASKS.o
 .debug_pubnames
                0x000006d9       0x1b ./App/main.o
 .debug_pubnames
                0x000006f4       0x23 c:/winavr-20100110/bin/../lib/gcc/avr/4.3.3/avr5\libgcc.a(_fixunssfsi.o)
 .debug_pubnames
                0x00000717       0x2c c:/winavr-20100110/bin/../lib/gcc/avr/4.3.3/avr5\libgcc.a(_addsub_sf.o)
 .debug_pubnames
                0x00000743       0x1f c:/winavr-20100110/bin/../lib/gcc/avr/4.3.3/avr5\libgcc.a(_mul_sf.o)
 .debug_pubnames
                0x00000762       0x1e c:/winavr-20100110/bin/../lib/gcc/avr/4.3.3/avr5\libgcc.a(_gt_sf.o)
 .debug_pubnames
                0x00000780       0x1e c:/winavr-20100110/bin/../lib/gcc/avr/4.3.3/avr5\libgcc.a(_ge_sf.o)
 .debug_pubnames
                0x0000079e       0x1e c:/winavr-20100110/bin/../lib/gcc/avr/4.3.3/avr5\libgcc.a(_lt_sf.o)
 .debug_pubnames
                0x000007bc       0x22 c:/winavr-20100110/bin/../lib/gcc/avr/4.3.3/avr5\libgcc.a(_si_to_sf.o)
 .debug_pubnames
                0x000007de       0x20 c:/winavr-20100110/bin/../lib/gcc/avr/4.3.3/avr5\libgcc.a(_sf_to_si.o)
 .debug_pubnames
                0x000007fe       0x22 c:/winavr-20100110/bin/../lib/gcc/avr/4.3.3/avr5\libgcc.a(_thenan_sf.o)
 .debug_pubnames
                0x00000820       0x1f c:/winavr-20100110/bin/../lib/gcc/avr/4.3.3/avr5\libgcc.a(_clzsi2.o)
 .debug_pubnames
                0x0000083f       0x1f c:/winavr-20100110/bin/../lib/gcc/avr/4.3.3/avr5\libgcc.a(_pack_sf.o)
 .debug_pubnames
                0x0000085e       0x21 c:/winavr-20100110/bin/../lib/gcc/avr/4.3.3/avr5\libgcc.a(_unpack_sf.o)
 .debug_pubnames
                0x0000087f       0x26 c:/winavr-20100110/bin/../lib/gcc/avr/4.3.3/avr5\libgcc.a(_fpcmp_parts_sf.o)
 .debug_pubnames
                0x000008a5       0x20 c:/winavr-20100110/bin/../lib/gcc/avr/4.3.3/avr5\libgcc.a(_clz.o)

.debug_info     0x00000000     0x39a1
 *(.debug_info)
 .debug_info    0x00000000      0x232 ./MCAL/UART/UART.o
 .debug_info    0x00000232      0x1d0 ./MCAL/TIMER/Timer.o
 .debug_info    0x00000402      0x209 ./MCAL/SPI/SPI.o
 .debug_info    0x0000060b      0x1cc ./MCAL/I2C/I2C.o
 .debug_info    0x000007d7       0xe7 ./MCAL/I2C/i2c_slave.o
 .debug_info    0x000008be      0x23c ./MCAL/DIO_Driver/DIO.o
 .debug_info    0x00000afa      0x203 ./MCAL/ADC/ADC.o
 .debug_info    0x00000cfd      0x114 ./HAL/Servo_Motor.o
 .debug_info    0x00000e11      0x151 ./HAL/SevenSegment.o
 .debug_info    0x00000f62       0xf9 ./HAL/keypad.o
 .debug_info    0x0000105b      0x468 ./HAL/lcd_driver.o
 .debug_info    0x000014c3      0x39f ./App/ECU1_TASKS.o
 .debug_info    0x00001862      0x12f ./App/main.o
 .debug_info    0x00001991       0xb1 c:/winavr-20100110/bin/../lib/gcc/avr/4.3.3/avr5\libgcc.a(_fixunssfsi.o)
 .debug_info    0x00001a42      0x47a c:/winavr-20100110/bin/../lib/gcc/avr/4.3.3/avr5\libgcc.a(_addsub_sf.o)
 .debug_info    0x00001ebc      0x485 c:/winavr-20100110/bin/../lib/gcc/avr/4.3.3/avr5\libgcc.a(_mul_sf.o)
 .debug_info    0x00002341      0x27f c:/winavr-20100110/bin/../lib/gcc/avr/4.3.3/avr5\libgcc.a(_gt_sf.o)
 .debug_info    0x000025c0      0x27f c:/winavr-20100110/bin/../lib/gcc/avr/4.3.3/avr5\libgcc.a(_ge_sf.o)
 .debug_info    0x0000283f      0x27f c:/winavr-20100110/bin/../lib/gcc/avr/4.3.3/avr5\libgcc.a(_lt_sf.o)
 .debug_info    0x00002abe      0x207 c:/winavr-20100110/bin/../lib/gcc/avr/4.3.3/avr5\libgcc.a(_si_to_sf.o)
 .debug_info    0x00002cc5      0x2b0 c:/winavr-20100110/bin/../lib/gcc/avr/4.3.3/avr5\libgcc.a(_sf_to_si.o)
 .debug_info    0x00002f75      0x12c c:/winavr-20100110/bin/../lib/gcc/avr/4.3.3/avr5\libgcc.a(_thenan_sf.o)
 .debug_info    0x000030a1      0x117 c:/winavr-20100110/bin/../lib/gcc/avr/4.3.3/avr5\libgcc.a(_clzsi2.o)
 .debug_info    0x000031b8      0x2df c:/winavr-20100110/bin/../lib/gcc/avr/4.3.3/avr5\libgcc.a(_pack_sf.o)
 .debug_info    0x00003497      0x251 c:/winavr-20100110/bin/../lib/gcc/avr/4.3.3/avr5\libgcc.a(_unpack_sf.o)
 .debug_info    0x000036e8      0x210 c:/winavr-20100110/bin/../lib/gcc/avr/4.3.3/avr5\libgcc.a(_fpcmp_parts_sf.o)
 .debug_info    0x000038f8       0xa9 c:/winavr-20100110/bin/../lib/gcc/avr/4.3.3/avr5\libgcc.a(_clz.o)
 *(.gnu.linkonce.wi.*)

.debug_abbrev   0x00000000     0x1b31
 *(.debug_abbrev)
 .debug_abbrev  0x00000000       0xf5 ./MCAL/UART/UART.o
 .debug_abbrev  0x000000f5       0xb3 ./MCAL/TIMER/Timer.o
 .debug_abbrev  0x000001a8       0xb3 ./MCAL/SPI/SPI.o
 .debug_abbrev  0x0000025b       0xb7 ./MCAL/I2C/I2C.o
 .debug_abbrev  0x00000312       0xa2 ./MCAL/I2C/i2c_slave.o
 .debug_abbrev  0x000003b4       0xa0 ./MCAL/DIO_Driver/DIO.o
 .debug_abbrev  0x00000454       0xc9 ./MCAL/ADC/ADC.o
 .debug_abbrev  0x0000051d       0x9e ./HAL/Servo_Motor.o
 .debug_abbrev  0x000005bb       0xa7 ./HAL/SevenSegment.o
 .debug_abbrev  0x00000662       0x93 ./HAL/keypad.o
 .debug_abbrev  0x000006f5      0x124 ./HAL/lcd_driver.o
 .debug_abbrev  0x00000819      0x10a ./App/ECU1_TASKS.o
 .debug_abbrev  0x00000923       0xad ./App/main.o
 .debug_abbrev  0x000009d0       0x5d c:/winavr-20100110/bin/../lib/gcc/avr/4.3.3/avr5\libgcc.a(_fixunssfsi.o)
 .debug_abbrev  0x00000a2d      0x1ea c:/winavr-20100110/bin/../lib/gcc/avr/4.3.3/avr5\libgcc.a(_addsub_sf.o)
 .debug_abbrev  0x00000c17      0x21b c:/winavr-20100110/bin/../lib/gcc/avr/4.3.3/avr5\libgcc.a(_mul_sf.o)
 .debug_abbrev  0x00000e32      0x15a c:/winavr-20100110/bin/../lib/gcc/avr/4.3.3/avr5\libgcc.a(_gt_sf.o)
 .debug_abbrev  0x00000f8c      0x15a c:/winavr-20100110/bin/../lib/gcc/avr/4.3.3/avr5\libgcc.a(_ge_sf.o)
 .debug_abbrev  0x000010e6      0x15a c:/winavr-20100110/bin/../lib/gcc/avr/4.3.3/avr5\libgcc.a(_lt_sf.o)
 .debug_abbrev  0x00001240      0x148 c:/winavr-20100110/bin/../lib/gcc/avr/4.3.3/avr5\libgcc.a(_si_to_sf.o)
 .debug_abbrev  0x00001388      0x17f c:/winavr-20100110/bin/../lib/gcc/avr/4.3.3/avr5\libgcc.a(_sf_to_si.o)
 .debug_abbrev  0x00001507       0xad c:/winavr-20100110/bin/../lib/gcc/avr/4.3.3/avr5\libgcc.a(_thenan_sf.o)
 .debug_abbrev  0x000015b4       0xc4 c:/winavr-20100110/bin/../lib/gcc/avr/4.3.3/avr5\libgcc.a(_clzsi2.o)
 .debug_abbrev  0x00001678      0x1c0 c:/winavr-20100110/bin/../lib/gcc/avr/4.3.3/avr5\libgcc.a(_pack_sf.o)
 .debug_abbrev  0x00001838      0x154 c:/winavr-20100110/bin/../lib/gcc/avr/4.3.3/avr5\libgcc.a(_unpack_sf.o)
 .debug_abbrev  0x0000198c      0x13b c:/winavr-20100110/bin/../lib/gcc/avr/4.3.3/avr5\libgcc.a(_fpcmp_parts_sf.o)
 .debug_abbrev  0x00001ac7       0x6a c:/winavr-20100110/bin/../lib/gcc/avr/4.3.3/avr5\libgcc.a(_clz.o)

.debug_line     0x00000000     0x43f3
 *(.debug_line)
 .debug_line    0x00000000      0x3db ./MCAL/UART/UART.o
 .debug_line    0x000003db      0x382 ./MCAL/TIMER/Timer.o
 .debug_line    0x0000075d      0x3f4 ./MCAL/SPI/SPI.o
 .debug_line    0x00000b51      0x392 ./MCAL/I2C/I2C.o
 .debug_line    0x00000ee3      0x210 ./MCAL/I2C/i2c_slave.o
 .debug_line    0x000010f3      0x537 ./MCAL/DIO_Driver/DIO.o
 .debug_line    0x0000162a      0x37e ./MCAL/ADC/ADC.o
 .debug_line    0x000019a8      0x2d1 ./HAL/Servo_Motor.o
 .debug_line    0x00001c79      0x29e ./HAL/SevenSegment.o
 .debug_line    0x00001f17      0x397 ./HAL/keypad.o
 .debug_line    0x000022ae      0x756 ./HAL/lcd_driver.o
 .debug_line    0x00002a04      0x654 ./App/ECU1_TASKS.o
 .debug_line    0x00003058      0x398 ./App/main.o
 .debug_line    0x000033f0       0xa7 c:/winavr-20100110/bin/../lib/gcc/avr/4.3.3/avr5\libgcc.a(_fixunssfsi.o)
 .debug_line    0x00003497      0x2af c:/winavr-20100110/bin/../lib/gcc/avr/4.3.3/avr5\libgcc.a(_addsub_sf.o)
 .debug_line    0x00003746      0x239 c:/winavr-20100110/bin/../lib/gcc/avr/4.3.3/avr5\libgcc.a(_mul_sf.o)
 .debug_line    0x0000397f       0xd3 c:/winavr-20100110/bin/../lib/gcc/avr/4.3.3/avr5\libgcc.a(_gt_sf.o)
 .debug_line    0x00003a52       0xd3 c:/winavr-20100110/bin/../lib/gcc/avr/4.3.3/avr5\libgcc.a(_ge_sf.o)
 .debug_line    0x00003b25       0xd3 c:/winavr-20100110/bin/../lib/gcc/avr/4.3.3/avr5\libgcc.a(_lt_sf.o)
 .debug_line    0x00003bf8      0x135 c:/winavr-20100110/bin/../lib/gcc/avr/4.3.3/avr5\libgcc.a(_si_to_sf.o)
 .debug_line    0x00003d2d      0x109 c:/winavr-20100110/bin/../lib/gcc/avr/4.3.3/avr5\libgcc.a(_sf_to_si.o)
 .debug_line    0x00003e36       0x90 c:/winavr-20100110/bin/../lib/gcc/avr/4.3.3/avr5\libgcc.a(_thenan_sf.o)
 .debug_line    0x00003ec6       0xa5 c:/winavr-20100110/bin/../lib/gcc/avr/4.3.3/avr5\libgcc.a(_clzsi2.o)
 .debug_line    0x00003f6b      0x18a c:/winavr-20100110/bin/../lib/gcc/avr/4.3.3/avr5\libgcc.a(_pack_sf.o)
 .debug_line    0x000040f5      0x14b c:/winavr-20100110/bin/../lib/gcc/avr/4.3.3/avr5\libgcc.a(_unpack_sf.o)
 .debug_line    0x00004240      0x137 c:/winavr-20100110/bin/../lib/gcc/avr/4.3.3/avr5\libgcc.a(_fpcmp_parts_sf.o)
 .debug_line    0x00004377       0x7c c:/winavr-20100110/bin/../lib/gcc/avr/4.3.3/avr5\libgcc.a(_clz.o)

.debug_frame    0x00000000      0x6b0
 *(.debug_frame)
 .debug_frame   0x00000000       0x60 ./MCAL/UART/UART.o
 .debug_frame   0x00000060       0x80 ./MCAL/TIMER/Timer.o
 .debug_frame   0x000000e0       0x80 ./MCAL/SPI/SPI.o
 .debug_frame   0x00000160       0x70 ./MCAL/I2C/I2C.o
 .debug_frame   0x000001d0       0x50 ./MCAL/I2C/i2c_slave.o
 .debug_frame   0x00000220       0x90 ./MCAL/DIO_Driver/DIO.o
 .debug_frame   0x000002b0       0x50 ./MCAL/ADC/ADC.o
 .debug_frame   0x00000300       0x40 ./HAL/Servo_Motor.o
 .debug_frame   0x00000340       0x30 ./HAL/SevenSegment.o
 .debug_frame   0x00000370       0x30 ./HAL/keypad.o
 .debug_frame   0x000003a0       0xc0 ./HAL/lcd_driver.o
 .debug_frame   0x00000460       0x90 ./App/ECU1_TASKS.o
 .debug_frame   0x000004f0       0x20 ./App/main.o
 .debug_frame   0x00000510       0x20 c:/winavr-20100110/bin/../lib/gcc/avr/4.3.3/avr5\libgcc.a(_fixunssfsi.o)
 .debug_frame   0x00000530       0x40 c:/winavr-20100110/bin/../lib/gcc/avr/4.3.3/avr5\libgcc.a(_addsub_sf.o)
 .debug_frame   0x00000570       0x20 c:/winavr-20100110/bin/../lib/gcc/avr/4.3.3/avr5\libgcc.a(_mul_sf.o)
 .debug_frame   0x00000590       0x20 c:/winavr-20100110/bin/../lib/gcc/avr/4.3.3/avr5\libgcc.a(_gt_sf.o)
 .debug_frame   0x000005b0       0x20 c:/winavr-20100110/bin/../lib/gcc/avr/4.3.3/avr5\libgcc.a(_ge_sf.o)
 .debug_frame   0x000005d0       0x20 c:/winavr-20100110/bin/../lib/gcc/avr/4.3.3/avr5\libgcc.a(_lt_sf.o)
 .debug_frame   0x000005f0       0x20 c:/winavr-20100110/bin/../lib/gcc/avr/4.3.3/avr5\libgcc.a(_si_to_sf.o)
 .debug_frame   0x00000610       0x20 c:/winavr-20100110/bin/../lib/gcc/avr/4.3.3/avr5\libgcc.a(_sf_to_si.o)
 .debug_frame   0x00000630       0x20 c:/winavr-20100110/bin/../lib/gcc/avr/4.3.3/avr5\libgcc.a(_clzsi2.o)
 .debug_frame   0x00000650       0x20 c:/winavr-20100110/bin/../lib/gcc/avr/4.3.3/avr5\libgcc.a(_pack_sf.o)
 .debug_frame   0x00000670       0x20 c:/winavr-20100110/bin/../lib/gcc/avr/4.3.3/avr5\libgcc.a(_unpack_sf.o)
 .debug_frame   0x00000690       0x20 c:/winavr-20100110/bin/../lib/gcc/avr/4.3.3/avr5\libgcc.a(_fpcmp_parts_sf.o)

.debug_str      0x00000000      0xd22
 *(.debug_str)
 .debug_str     0x00000000      0x1e0 ./MCAL/UART/UART.o
                                0x22c (size before relaxing)
 .debug_str     0x000001e0      0x114 ./MCAL/TIMER/Timer.o
                                0x217 (size before relaxing)
 .debug_str     0x000002f4      0x126 ./MCAL/SPI/SPI.o
                                0x21f (size before relaxing)
 .debug_str     0x0000041a      0x118 ./MCAL/I2C/I2C.o
                                0x202 (size before relaxing)
 .debug_str     0x00000532       0x73 ./MCAL/I2C/i2c_slave.o
                                0x145 (size before relaxing)
 .debug_str     0x000005a5       0xbc ./MCAL/DIO_Driver/DIO.o
                                0x1a6 (size before relaxing)
 .debug_str     0x00000661      0x13b ./MCAL/ADC/ADC.o
                                0x250 (size before relaxing)
 .debug_str     0x0000079c       0x49 ./HAL/Servo_Motor.o
                                0x17b (size before relaxing)
 .debug_str     0x000007e5       0x7b ./HAL/SevenSegment.o
                                0x16a (size before relaxing)
 .debug_str     0x00000860       0x43 ./HAL/keypad.o
                                0x132 (size before relaxing)
 .debug_str     0x000008a3      0x14f ./HAL/lcd_driver.o
                                0x261 (size before relaxing)
 .debug_str     0x000009f2       0xb3 ./App/ECU1_TASKS.o
                                0x2b7 (size before relaxing)
 .debug_str     0x00000aa5       0x13 ./App/main.o
                                0x140 (size before relaxing)
 .debug_str     0x00000ab8       0x80 c:/winavr-20100110/bin/../lib/gcc/avr/4.3.3/avr5\libgcc.a(_fixunssfsi.o)
                                 0xfe (size before relaxing)
 .debug_str     0x00000b38      0x138 c:/winavr-20100110/bin/../lib/gcc/avr/4.3.3/avr5\libgcc.a(_addsub_sf.o)
                                0x206 (size before relaxing)
 .debug_str     0x00000c70       0x27 c:/winavr-20100110/bin/../lib/gcc/avr/4.3.3/avr5\libgcc.a(_mul_sf.o)
                                0x1bf (size before relaxing)
 .debug_str     0x00000c97        0x8 c:/winavr-20100110/bin/../lib/gcc/avr/4.3.3/avr5\libgcc.a(_gt_sf.o)
                                0x195 (size before relaxing)
 .debug_str     0x00000c9f        0x8 c:/winavr-20100110/bin/../lib/gcc/avr/4.3.3/avr5\libgcc.a(_ge_sf.o)
                                0x195 (size before relaxing)
 .debug_str     0x00000ca7        0x8 c:/winavr-20100110/bin/../lib/gcc/avr/4.3.3/avr5\libgcc.a(_lt_sf.o)
                                0x195 (size before relaxing)
 .debug_str     0x00000caf       0x1e c:/winavr-20100110/bin/../lib/gcc/avr/4.3.3/avr5\libgcc.a(_si_to_sf.o)
                                0x17b (size before relaxing)
 .debug_str     0x00000ccd        0xa c:/winavr-20100110/bin/../lib/gcc/avr/4.3.3/avr5\libgcc.a(_sf_to_si.o)
                                0x19e (size before relaxing)
 .debug_str     0x00000000      0x103 c:/winavr-20100110/bin/../lib/gcc/avr/4.3.3/avr5\libgcc.a(_thenan_sf.o)
 .debug_str     0x00000cd7       0x20 c:/winavr-20100110/bin/../lib/gcc/avr/4.3.3/avr5\libgcc.a(_clzsi2.o)
                                0x111 (size before relaxing)
 .debug_str     0x00000cf7       0x10 c:/winavr-20100110/bin/../lib/gcc/avr/4.3.3/avr5\libgcc.a(_pack_sf.o)
                                0x19d (size before relaxing)
 .debug_str     0x00000d07        0xb c:/winavr-20100110/bin/../lib/gcc/avr/4.3.3/avr5\libgcc.a(_unpack_sf.o)
                                0x17f (size before relaxing)
 .debug_str     0x00000d12       0x10 c:/winavr-20100110/bin/../lib/gcc/avr/4.3.3/avr5\libgcc.a(_fpcmp_parts_sf.o)
                                0x163 (size before relaxing)
 .debug_str     0x00000000       0xf4 c:/winavr-20100110/bin/../lib/gcc/avr/4.3.3/avr5\libgcc.a(_clz.o)

.debug_loc      0x00000000      0x90e
 *(.debug_loc)
 .debug_loc     0x00000000       0x34 c:/winavr-20100110/bin/../lib/gcc/avr/4.3.3/avr5\libgcc.a(_fixunssfsi.o)
 .debug_loc     0x00000034      0x32a c:/winavr-20100110/bin/../lib/gcc/avr/4.3.3/avr5\libgcc.a(_addsub_sf.o)
 .debug_loc     0x0000035e      0x104 c:/winavr-20100110/bin/../lib/gcc/avr/4.3.3/avr5\libgcc.a(_mul_sf.o)
 .debug_loc     0x00000462       0x3c c:/winavr-20100110/bin/../lib/gcc/avr/4.3.3/avr5\libgcc.a(_gt_sf.o)
 .debug_loc     0x0000049e       0x3c c:/winavr-20100110/bin/../lib/gcc/avr/4.3.3/avr5\libgcc.a(_ge_sf.o)
 .debug_loc     0x000004da       0x3c c:/winavr-20100110/bin/../lib/gcc/avr/4.3.3/avr5\libgcc.a(_lt_sf.o)
 .debug_loc     0x00000516       0xac c:/winavr-20100110/bin/../lib/gcc/avr/4.3.3/avr5\libgcc.a(_si_to_sf.o)
 .debug_loc     0x000005c2       0x7e c:/winavr-20100110/bin/../lib/gcc/avr/4.3.3/avr5\libgcc.a(_sf_to_si.o)
 .debug_loc     0x00000640       0x94 c:/winavr-20100110/bin/../lib/gcc/avr/4.3.3/avr5\libgcc.a(_clzsi2.o)
 .debug_loc     0x000006d4      0x13e c:/winavr-20100110/bin/../lib/gcc/avr/4.3.3/avr5\libgcc.a(_pack_sf.o)
 .debug_loc     0x00000812       0xac c:/winavr-20100110/bin/../lib/gcc/avr/4.3.3/avr5\libgcc.a(_unpack_sf.o)
 .debug_loc     0x000008be       0x50 c:/winavr-20100110/bin/../lib/gcc/avr/4.3.3/avr5\libgcc.a(_fpcmp_parts_sf.o)

.debug_macinfo  0x00000000    0x4380f
 *(.debug_macinfo)
 .debug_macinfo
                0x00000000     0x53ab ./MCAL/UART/UART.o
 .debug_macinfo
                0x000053ab     0x5344 ./MCAL/TIMER/Timer.o
 .debug_macinfo
                0x0000a6ef     0x5300 ./MCAL/SPI/SPI.o
 .debug_macinfo
                0x0000f9ef     0x520c ./MCAL/I2C/I2C.o
 .debug_macinfo
                0x00014bfb     0x4072 ./MCAL/I2C/i2c_slave.o
 .debug_macinfo
                0x00018c6d     0x5035 ./MCAL/DIO_Driver/DIO.o
 .debug_macinfo
                0x0001dca2     0x52f0 ./MCAL/ADC/ADC.o
 .debug_macinfo
                0x00022f92     0x535a ./HAL/Servo_Motor.o
 .debug_macinfo
                0x000282ec     0x5078 ./HAL/SevenSegment.o
 .debug_macinfo
                0x0002d364     0x5312 ./HAL/keypad.o
 .debug_macinfo
                0x00032676     0x5355 ./HAL/lcd_driver.o
 .debug_macinfo
                0x000379cb     0x5ea2 ./App/ECU1_TASKS.o
 .debug_macinfo
                0x0003d86d     0x5fa2 ./App/main.o
OUTPUT(ECU1_enter_gate.elf elf32-avr)
LOAD linker stubs

.debug_ranges   0x00000000      0x340
 .debug_ranges  0x00000000       0x38 ./MCAL/UART/UART.o
 .debug_ranges  0x00000038       0x48 ./MCAL/TIMER/Timer.o
 .debug_ranges  0x00000080       0x48 ./MCAL/SPI/SPI.o
 .debug_ranges  0x000000c8       0x40 ./MCAL/I2C/I2C.o
 .debug_ranges  0x00000108       0x30 ./MCAL/I2C/i2c_slave.o
 .debug_ranges  0x00000138       0x50 ./MCAL/DIO_Driver/DIO.o
 .debug_ranges  0x00000188       0x30 ./MCAL/ADC/ADC.o
 .debug_ranges  0x000001b8       0x28 ./HAL/Servo_Motor.o
 .debug_ranges  0x000001e0       0x20 ./HAL/SevenSegment.o
 .debug_ranges  0x00000200       0x20 ./HAL/keypad.o
 .debug_ranges  0x00000220       0x68 ./HAL/lcd_driver.o
 .debug_ranges  0x00000288       0x50 ./App/ECU1_TASKS.o
 .debug_ranges  0x000002d8       0x18 ./App/main.o
 .debug_ranges  0x000002f0       0x50 c:/winavr-20100110/bin/../lib/gcc/avr/4.3.3/avr5\libgcc.a(_mul_sf.o)
