../HALL/lcd_driver.c:12:6:delay_ms	24	static
../HALL/lcd_driver.c:19:6:LCD_Init	16	static
../HALL/lcd_driver.c:93:6:LCD_Clear_Screen	8	static
../HALL/lcd_driver.c:98:6:LCD_Send_Command	16	static
../HALL/lcd_driver.c:142:6:LCD_Send_Character	16	static
../HALL/lcd_driver.c:188:6:LCD_Send_String	24	static
../HALL/lcd_driver.c:219:6:LCD_Kick	8	static
../HALL/lcd_driver.c:229:6:LCD_Check_Is_Busy	16	static
../HALL/lcd_driver.c:282:6:LCD_gotoXY	16	static
../HALL/lcd_driver.c:305:6:LCD_Display_Number	24	static
../HALL/lcd_driver.c:313:6:LCD_Display_Real_Number	72	static
