../MCALL/STM32F103C6_EXTI_Driver.c:45:6:Enable_NVIC	16	static
../MCALL/STM32F103C6_EXTI_Driver.c:86:6:Disable_NVIC	16	static
../MCALL/STM32F103C6_EXTI_Driver.c:127:6:update_EXTI	24	static
../MCALL/STM32F103C6_EXTI_Driver.c:231:6:MCAL_EXTI_GPIO_Init	16	static
../MCALL/STM32F103C6_EXTI_Driver.c:251:6:MCAL_EXTI_GPIO_DeInit	4	static
../MCALL/STM32F103C6_EXTI_Driver.c:288:6:MCAL_EXTI_GPIO_Update	16	static
../MCALL/STM32F103C6_EXTI_Driver.c:304:6:EXTI0_IRQHandler	8	static
../MCALL/STM32F103C6_EXTI_Driver.c:313:6:EXTI1_IRQHandler	8	static
../MCALL/STM32F103C6_EXTI_Driver.c:320:6:EXTI2_IRQHandler	8	static
../MCALL/STM32F103C6_EXTI_Driver.c:328:6:EXTI3_IRQHandler	8	static
../MCALL/STM32F103C6_EXTI_Driver.c:336:6:EXTI4_IRQHandler	8	static
../MCALL/STM32F103C6_EXTI_Driver.c:344:6:EXTI9_5_IRQHandler	8	static
../MCALL/STM32F103C6_EXTI_Driver.c:352:6:EXTI15_10_IRQHandler	8	static
