../MCALL/STM32F103C6_USART_Drivers.c:68:6:MCAL_UART_Init	16	static
../MCALL/STM32F103C6_USART_Drivers.c:162:6:MCAL_UART_DeInit	16	static
../MCALL/STM32F103C6_USART_Drivers.c:201:6:MCAL_UART_GPIO_Set_Pins	24	static
../MCALL/STM32F103C6_USART_Drivers.c:354:6:MCAL_UART_SendData	24	static
../MCALL/STM32F103C6_USART_Drivers.c:393:6:MCAL_UART_ReceiveData	24	static
../MCALL/STM32F103C6_USART_Drivers.c:437:6:MCAL_UART_Wait_TC	16	static
../MCALL/STM32F103C6_USART_Drivers.c:461:6:USART1_IRQHandler	8	static
../MCALL/STM32F103C6_USART_Drivers.c:466:6:USART2_IRQHandler	8	static
../MCALL/STM32F103C6_USART_Drivers.c:471:6:USART3_IRQHandler	8	static
