Archive member included to satisfy reference by file (symbol)

C:/ST/STM32CubeIDE_1.14.1/STM32CubeIDE/plugins/com.st.stm32cube.ide.mcu.externaltools.gnu-tools-for-stm32.11.3.rel1.win32_1.1.100.202309141235/tools/bin/../lib/gcc/arm-none-eabi/11.3.1/../../../../arm-none-eabi/lib/thumb/v7-m/nofp\libc_nano.a(libc_a-exit.o)
                              C:/ST/STM32CubeIDE_1.14.1/STM32CubeIDE/plugins/com.st.stm32cube.ide.mcu.externaltools.gnu-tools-for-stm32.11.3.rel1.win32_1.1.100.202309141235/tools/bin/../lib/gcc/arm-none-eabi/11.3.1/../../../../arm-none-eabi/lib/thumb/v7-m/nofp/crt0.o (exit)
C:/ST/STM32CubeIDE_1.14.1/STM32CubeIDE/plugins/com.st.stm32cube.ide.mcu.externaltools.gnu-tools-for-stm32.11.3.rel1.win32_1.1.100.202309141235/tools/bin/../lib/gcc/arm-none-eabi/11.3.1/../../../../arm-none-eabi/lib/thumb/v7-m/nofp\libc_nano.a(libc_a-findfp.o)
                              C:/ST/STM32CubeIDE_1.14.1/STM32CubeIDE/plugins/com.st.stm32cube.ide.mcu.externaltools.gnu-tools-for-stm32.11.3.rel1.win32_1.1.100.202309141235/tools/bin/../lib/gcc/arm-none-eabi/11.3.1/../../../../arm-none-eabi/lib/thumb/v7-m/nofp\libc_nano.a(libc_a-exit.o) (__stdio_exit_handler)
C:/ST/STM32CubeIDE_1.14.1/STM32CubeIDE/plugins/com.st.stm32cube.ide.mcu.externaltools.gnu-tools-for-stm32.11.3.rel1.win32_1.1.100.202309141235/tools/bin/../lib/gcc/arm-none-eabi/11.3.1/../../../../arm-none-eabi/lib/thumb/v7-m/nofp\libc_nano.a(libc_a-fwalk.o)
                              C:/ST/STM32CubeIDE_1.14.1/STM32CubeIDE/plugins/com.st.stm32cube.ide.mcu.externaltools.gnu-tools-for-stm32.11.3.rel1.win32_1.1.100.202309141235/tools/bin/../lib/gcc/arm-none-eabi/11.3.1/../../../../arm-none-eabi/lib/thumb/v7-m/nofp\libc_nano.a(libc_a-findfp.o) (_fwalk_sglue)
C:/ST/STM32CubeIDE_1.14.1/STM32CubeIDE/plugins/com.st.stm32cube.ide.mcu.externaltools.gnu-tools-for-stm32.11.3.rel1.win32_1.1.100.202309141235/tools/bin/../lib/gcc/arm-none-eabi/11.3.1/../../../../arm-none-eabi/lib/thumb/v7-m/nofp\libc_nano.a(libc_a-sprintf.o)
                              ./HALL/lcd_driver.o (sprintf)
C:/ST/STM32CubeIDE_1.14.1/STM32CubeIDE/plugins/com.st.stm32cube.ide.mcu.externaltools.gnu-tools-for-stm32.11.3.rel1.win32_1.1.100.202309141235/tools/bin/../lib/gcc/arm-none-eabi/11.3.1/../../../../arm-none-eabi/lib/thumb/v7-m/nofp\libc_nano.a(libc_a-stdio.o)
                              C:/ST/STM32CubeIDE_1.14.1/STM32CubeIDE/plugins/com.st.stm32cube.ide.mcu.externaltools.gnu-tools-for-stm32.11.3.rel1.win32_1.1.100.202309141235/tools/bin/../lib/gcc/arm-none-eabi/11.3.1/../../../../arm-none-eabi/lib/thumb/v7-m/nofp\libc_nano.a(libc_a-findfp.o) (__sread)
C:/ST/STM32CubeIDE_1.14.1/STM32CubeIDE/plugins/com.st.stm32cube.ide.mcu.externaltools.gnu-tools-for-stm32.11.3.rel1.win32_1.1.100.202309141235/tools/bin/../lib/gcc/arm-none-eabi/11.3.1/../../../../arm-none-eabi/lib/thumb/v7-m/nofp\libc_nano.a(libc_a-memset.o)
                              C:/ST/STM32CubeIDE_1.14.1/STM32CubeIDE/plugins/com.st.stm32cube.ide.mcu.externaltools.gnu-tools-for-stm32.11.3.rel1.win32_1.1.100.202309141235/tools/bin/../lib/gcc/arm-none-eabi/11.3.1/../../../../arm-none-eabi/lib/thumb/v7-m/nofp/crt0.o (memset)
C:/ST/STM32CubeIDE_1.14.1/STM32CubeIDE/plugins/com.st.stm32cube.ide.mcu.externaltools.gnu-tools-for-stm32.11.3.rel1.win32_1.1.100.202309141235/tools/bin/../lib/gcc/arm-none-eabi/11.3.1/../../../../arm-none-eabi/lib/thumb/v7-m/nofp\libc_nano.a(libc_a-strncat.o)
                              ./Tasks/Admin_Tasks.o (strncat)
C:/ST/STM32CubeIDE_1.14.1/STM32CubeIDE/plugins/com.st.stm32cube.ide.mcu.externaltools.gnu-tools-for-stm32.11.3.rel1.win32_1.1.100.202309141235/tools/bin/../lib/gcc/arm-none-eabi/11.3.1/../../../../arm-none-eabi/lib/thumb/v7-m/nofp\libc_nano.a(libc_a-strncpy.o)
                              ./Tasks/Admin_Tasks.o (strncpy)
C:/ST/STM32CubeIDE_1.14.1/STM32CubeIDE/plugins/com.st.stm32cube.ide.mcu.externaltools.gnu-tools-for-stm32.11.3.rel1.win32_1.1.100.202309141235/tools/bin/../lib/gcc/arm-none-eabi/11.3.1/../../../../arm-none-eabi/lib/thumb/v7-m/nofp\libc_nano.a(libc_a-closer.o)
                              C:/ST/STM32CubeIDE_1.14.1/STM32CubeIDE/plugins/com.st.stm32cube.ide.mcu.externaltools.gnu-tools-for-stm32.11.3.rel1.win32_1.1.100.202309141235/tools/bin/../lib/gcc/arm-none-eabi/11.3.1/../../../../arm-none-eabi/lib/thumb/v7-m/nofp\libc_nano.a(libc_a-stdio.o) (_close_r)
C:/ST/STM32CubeIDE_1.14.1/STM32CubeIDE/plugins/com.st.stm32cube.ide.mcu.externaltools.gnu-tools-for-stm32.11.3.rel1.win32_1.1.100.202309141235/tools/bin/../lib/gcc/arm-none-eabi/11.3.1/../../../../arm-none-eabi/lib/thumb/v7-m/nofp\libc_nano.a(libc_a-reent.o)
                              C:/ST/STM32CubeIDE_1.14.1/STM32CubeIDE/plugins/com.st.stm32cube.ide.mcu.externaltools.gnu-tools-for-stm32.11.3.rel1.win32_1.1.100.202309141235/tools/bin/../lib/gcc/arm-none-eabi/11.3.1/../../../../arm-none-eabi/lib/thumb/v7-m/nofp\libc_nano.a(libc_a-closer.o) (errno)
[...]
Memory Configuration

Name             Origin             Length             Attributes
RAM              0x0000000020000000 0x0000000000002800 xrw
FLASH            0x0000000008000000 0x0000000000008000 xr
*default*        0x0000000000000000 0xffffffffffffffff

Linker script and memory map

LOAD C:/ST/STM32CubeIDE_1.14.1/STM32CubeIDE/plugins/com.st.stm32cube.ide.mcu.externaltools.gnu-tools-for-stm32.11.3.rel1.win32_1.1.100.202309141235/tools/bin/../lib/gcc/arm-none-eabi/11.3.1/thumb/v7-m/nofp/crti.o
LOAD C:/ST/STM32CubeIDE_1.14.1/STM32CubeIDE/plugins/com.st.stm32cube.ide.mcu.externaltools.gnu-tools-for-stm32.11.3.rel1.win32_1.1.100.202309141235/tools/bin/../lib/gcc/arm-none-eabi/11.3.1/thumb/v7-m/nofp/crtbegin.o
LOAD C:/ST/STM32CubeIDE_1.14.1/STM32CubeIDE/plugins/com.st.stm32cube.ide.mcu.externaltools.gnu-tools-for-stm32.11.3.rel1.win32_1.1.100.202309141235/tools/bin/../lib/gcc/arm-none-eabi/11.3.1/../../../../arm-none-eabi/lib/thumb/v7-m/nofp/crt0.o
LOAD ./HALL/EEPROM.o
LOAD ./HALL/keypad_Driver.o
LOAD ./HALL/lcd_driver.o
LOAD ./HALL/seven_segmnet.o
LOAD ./MCALL/STM32F103C6_EXTI_Driver.o
LOAD ./MCALL/STM32F103C6_GPIO_Driver.o
LOAD ./MCALL/STM32F103C6_I2C_Driver.o
LOAD ./MCALL/STM32F103C6_RCC_Drivers.o
LOAD ./MCALL/STM32F103C6_SPI_Driver.o
LOAD ./MCALL/STM32F103C6_USART_Drivers.o
LOAD ./Src/main.o
LOAD ./Src/syscalls.o
LOAD ./Src/sysmem.o
LOAD ./Startup/startup_stm32f103c6tx.o
LOAD ./Tasks/Admin_Tasks.o
START GROUP
LOAD C:/ST/STM32CubeIDE_1.14.1/STM32CubeIDE/plugins/com.st.stm32cube.ide.mcu.externaltools.gnu-tools-for-stm32.11.3.rel1.win32_1.1.100.202309141235/tools/bin/../lib/gcc/arm-none-eabi/11.3.1/../../../../arm-none-eabi/lib/thumb/v7-m/nofp\libc_nano.a
LOAD C:/ST/STM32CubeIDE_1.14.1/STM32CubeIDE/plugins/com.st.stm32cube.ide.mcu.externaltools.gnu-tools-for-stm32.11.3.rel1.win32_1.1.100.202309141235/tools/bin/../lib/gcc/arm-none-eabi/11.3.1/../../../../arm-none-eabi/lib/thumb/v7-m/nofp\libm.a
END GROUP
START GROUP
LOAD C:/ST/STM32CubeIDE_1.14.1/STM32CubeIDE/plugins/com.st.stm32cube.ide.mcu.externaltools.gnu-tools-for-stm32.11.3.rel1.win32_1.1.100.202309141235/tools/bin/../lib/gcc/arm-none-eabi/11.3.1/thumb/v7-m/nofp\libgcc.a
LOAD C:/ST/STM32CubeIDE_1.14.1/STM32CubeIDE/plugins/com.st.stm32cube.ide.mcu.externaltools.gnu-tools-for-stm32.11.3.rel1.win32_1.1.100.202309141235/tools/bin/../lib/gcc/arm-none-eabi/11.3.1/../../../../arm-none-eabi/lib/thumb/v7-m/nofp\libc_nano.a
END GROUP
START GROUP
LOAD C:/ST/STM32CubeIDE_1.14.1/STM32CubeIDE/plugins/com.st.stm32cube.ide.mcu.externaltools.gnu-tools-for-stm32.11.3.rel1.win32_1.1.100.202309141235/tools/bin/../lib/gcc/arm-none-eabi/11.3.1/thumb/v7-m/nofp\libgcc.a
LOAD C:/ST/STM32CubeIDE_1.14.1/STM32CubeIDE/plugins/com.st.stm32cube.ide.mcu.externaltools.gnu-tools-for-stm32.11.3.rel1.win32_1.1.100.202309141235/tools/bin/../lib/gcc/arm-none-eabi/11.3.1/../../../../arm-none-eabi/lib/thumb/v7-m/nofp\libc_nano.a
LOAD C:/ST/STM32CubeIDE_1.14.1/STM32CubeIDE/plugins/com.st.stm32cube.ide.mcu.externaltools.gnu-tools-for-stm32.11.3.rel1.win32_1.1.100.202309141235/tools/bin/../lib/gcc/arm-none-eabi/11.3.1/../../../../arm-none-eabi/lib/thumb/v7-m/nofp\libnosys.a
END GROUP
START GROUP
LOAD C:/ST/STM32CubeIDE_1.14.1/STM32CubeIDE/plugins/com.st.stm32cube.ide.mcu.externaltools.gnu-tools-for-stm32.11.3.rel1.win32_1.1.100.202309141235/tools/bin/../lib/gcc/arm-none-eabi/11.3.1/thumb/v7-m/nofp\libgcc.a
LOAD C:/ST/STM32CubeIDE_1.14.1/STM32CubeIDE/plugins/com.st.stm32cube.ide.mcu.externaltools.gnu-tools-for-stm32.11.3.rel1.win32_1.1.100.202309141235/tools/bin/../lib/gcc/arm-none-eabi/11.3.1/../../../../arm-none-eabi/lib/thumb/v7-m/nofp\libc_nano.a
LOAD C:/ST/STM32CubeIDE_1.14.1/STM32CubeIDE/plugins/com.st.stm32cube.ide.mcu.externaltools.gnu-tools-for-stm32.11.3.rel1.win32_1.1.100.202309141235/tools/bin/../lib/gcc/arm-none-eabi/11.3.1/../../../../arm-none-eabi/lib/thumb/v7-m/nofp\libnosys.a
END GROUP
LOAD C:/ST/STM32CubeIDE_1.14.1/STM32CubeIDE/plugins/com.st.stm32cube.ide.mcu.externaltools.gnu-tools-for-stm32.11.3.rel1.win32_1.1.100.202309141235/tools/bin/../lib/gcc/arm-none-eabi/11.3.1/thumb/v7-m/nofp/crtend.o
LOAD C:/ST/STM32CubeIDE_1.14.1/STM32CubeIDE/plugins/com.st.stm32cube.ide.mcu.externaltools.gnu-tools-for-stm32.11.3.rel1.win32_1.1.100.202309141235/tools/bin/../lib/gcc/arm-none-eabi/11.3.1/thumb/v7-m/nofp/crtn.o
                0x0000000020002800                _estack = (ORIGIN (RAM) + LENGTH (RAM))
                0x0000000000000200                _Min_Heap_Size = 0x200
                0x0000000000000400                _Min_Stack_Size = 0x400

.isr_vector     0x0000000008000000      0x130
                0x0000000008000000                . = ALIGN (0x4)
 *(.isr_vector)
 .isr_vector    0x0000000008000000      0x130 ./Startup/startup_stm32f103c6tx.o
                0x0000000008000000                g_pfnVectors
                0x0000000008000130                . = ALIGN (0x4)

.text           0x0000000008000130     0x1d3c
                0x0000000008000130                . = ALIGN (0x4)
 *(.text)
 .text          0x0000000008000130       0x40 C:/ST/STM32CubeIDE_1.14.1/STM32CubeIDE/plugins/com.st.stm32cube.ide.mcu.externaltools.gnu-tools-for-stm32.11.3.rel1.win32_1.1.100.202309141235/tools/bin/../lib/gcc/arm-none-eabi/11.3.1/thumb/v7-m/nofp/crtbegin.o
 .text          0x0000000008000170       0x14 C:/ST/STM32CubeIDE_1.14.1/STM32CubeIDE/plugins/com.st.stm32cube.ide.mcu.externaltools.gnu-tools-for-stm32.11.3.rel1.win32_1.1.100.202309141235/tools/bin/../lib/gcc/arm-none-eabi/11.3.1/../../../../arm-none-eabi/lib/thumb/v7-m/nofp\libc_nano.a(libc_a-strcmp.o)
                0x0000000008000170                strcmp
 *(.text*)
 .text.keypad_Init
                0x0000000008000184       0xc4 ./HALL/keypad_Driver.o
                0x0000000008000184                keypad_Init
 .text.keypad_GetKey
                0x0000000008000248      0x144 ./HALL/keypad_Driver.o
                0x0000000008000248                keypad_GetKey
 .text.delay_ms
                0x000000000800038c       0x3a ./HALL/lcd_driver.o
                0x000000000800038c                delay_ms
 *fill*         0x00000000080003c6        0x2 
 .text.LCD_Init
                0x00000000080003c8      0x114 ./HALL/lcd_driver.o
                0x00000000080003c8                LCD_Init
 .text.LCD_Clear_Screen
                0x00000000080004dc        0xe ./HALL/lcd_driver.o
                0x00000000080004dc                LCD_Clear_Screen
 *fill*         0x00000000080004ea        0x2 
 .text.LCD_Send_Command
                0x00000000080004ec       0xd0 ./HALL/lcd_driver.o
                0x00000000080004ec                LCD_Send_Command
 .text.LCD_Send_Character
                0x00000000080005bc       0xd0 ./HALL/lcd_driver.o
                0x00000000080005bc                LCD_Send_Character
 .text.LCD_Send_String
                0x000000000800068c       0x7a ./HALL/lcd_driver.o
                0x000000000800068c                LCD_Send_String
 *fill*         0x0000000008000706        0x2 
 .text.LCD_Kick
                0x0000000008000708       0x2c ./HALL/lcd_driver.o
                0x0000000008000708                LCD_Kick
 .text.LCD_gotoXY
                0x0000000008000734       0x7e ./HALL/lcd_driver.o
                0x0000000008000734                LCD_gotoXY
 *fill*         0x00000000080007b2        0x2 
 .text.HAL_SEVEN_SEG_init
                0x00000000080007b4       0x8c ./HALL/seven_segmnet.o
                0x00000000080007b4                HAL_SEVEN_SEG_init
 .text.HAL_SEVEN_SEG_Write
                0x0000000008000840       0x30 ./HALL/seven_segmnet.o
                0x0000000008000840                HAL_SEVEN_SEG_Write
 .text.Enable_NVIC
                0x0000000008000870       0xcc ./MCALL/STM32F103C6_EXTI_Driver.o
                0x0000000008000870                Enable_NVIC
 .text.Disable_NVIC
                0x000000000800093c       0xcc ./MCALL/STM32F103C6_EXTI_Driver.o
                0x000000000800093c                Disable_NVIC
 .text.update_EXTI
                0x0000000008000a08      0x1d8 ./MCALL/STM32F103C6_EXTI_Driver.o
                0x0000000008000a08                update_EXTI
 .text.MCAL_EXTI_GPIO_Init
                0x0000000008000be0       0x16 ./MCALL/STM32F103C6_EXTI_Driver.o
                0x0000000008000be0                MCAL_EXTI_GPIO_Init
 *fill*         0x0000000008000bf6        0x2 
 .text.EXTI0_IRQHandler
                0x0000000008000bf8       0x24 ./MCALL/STM32F103C6_EXTI_Driver.o
                0x0000000008000bf8                EXTI0_IRQHandler
 .text.EXTI1_IRQHandler
                0x0000000008000c1c       0x24 ./MCALL/STM32F103C6_EXTI_Driver.o
                0x0000000008000c1c                EXTI1_IRQHandler
 .text.EXTI2_IRQHandler
                0x0000000008000c40       0x24 ./MCALL/STM32F103C6_EXTI_Driver.o
                0x0000000008000c40                EXTI2_IRQHandler
 .text.EXTI3_IRQHandler
                0x0000000008000c64       0x24 ./MCALL/STM32F103C6_EXTI_Driver.o
                0x0000000008000c64                EXTI3_IRQHandler
 .text.EXTI4_IRQHandler
                0x0000000008000c88       0x24 ./MCALL/STM32F103C6_EXTI_Driver.o
                0x0000000008000c88                EXTI4_IRQHandler
 .text.EXTI9_5_IRQHandler
                0x0000000008000cac       0xa8 ./MCALL/STM32F103C6_EXTI_Driver.o
                0x0000000008000cac                EXTI9_5_IRQHandler
 .text.EXTI15_10_IRQHandler
                0x0000000008000d54       0xc4 ./MCALL/STM32F103C6_EXTI_Driver.o
                0x0000000008000d54                EXTI15_10_IRQHandler
 .text.Get_CRLH_Position
                0x0000000008000e18      0x170 ./MCALL/STM32F103C6_GPIO_Driver.o
                0x0000000008000e18                Get_CRLH_Position
 .text.MCAL_GPIO_Init
                0x0000000008000f88       0xfe ./MCALL/STM32F103C6_GPIO_Driver.o
                0x0000000008000f88                MCAL_GPIO_Init
 .text.MCAL_GPIO_ReadPin
                0x0000000008001086       0x2e ./MCALL/STM32F103C6_GPIO_Driver.o
                0x0000000008001086                MCAL_GPIO_ReadPin
 .text.MCAL_GPIO_WritePin
                0x00000000080010b4       0x2e ./MCALL/STM32F103C6_GPIO_Driver.o
                0x00000000080010b4                MCAL_GPIO_WritePin
 .text.MCAL_GPIO_WritePort
                0x00000000080010e2       0x1c ./MCALL/STM32F103C6_GPIO_Driver.o
                0x00000000080010e2                MCAL_GPIO_WritePort
 .text.I2C1_EV_IRQHandler
                0x00000000080010fe        0xc ./MCALL/STM32F103C6_I2C_Driver.o
                0x00000000080010fe                I2C1_EV_IRQHandler
 .text.I2C1_ER_IRQHandler
                0x000000000800110a        0xc ./MCALL/STM32F103C6_I2C_Driver.o
                0x000000000800110a                I2C1_ER_IRQHandler
 *fill*         0x0000000008001116        0x2 
 .text.MCAL_SPI_Init
                0x0000000008001118      0x148 ./MCALL/STM32F103C6_SPI_Driver.o
                0x0000000008001118                MCAL_SPI_Init
 .text.MCAL_SPI_GPIO_Set_Pins
                0x0000000008001260      0x1ec ./MCALL/STM32F103C6_SPI_Driver.o
                0x0000000008001260                MCAL_SPI_GPIO_Set_Pins
 .text.MCAL_SPI_TX_RX
                0x000000000800144c       0x54 ./MCALL/STM32F103C6_SPI_Driver.o
                0x000000000800144c                MCAL_SPI_TX_RX
 .text.SPI1_IRQHandler
                0x00000000080014a0       0x5c ./MCALL/STM32F103C6_SPI_Driver.o
                0x00000000080014a0                SPI1_IRQHandler
 .text.SPI2_IRQHandler
                0x00000000080014fc       0x5c ./MCALL/STM32F103C6_SPI_Driver.o
                0x00000000080014fc                SPI2_IRQHandler
 .text.USART1_IRQHandler
                0x0000000008001558       0x14 ./MCALL/STM32F103C6_USART_Drivers.o
                0x0000000008001558                USART1_IRQHandler
 .text.USART2_IRQHandler
                0x000000000800156c       0x14 ./MCALL/STM32F103C6_USART_Drivers.o
                0x000000000800156c                USART2_IRQHandler
 .text.USART3_IRQHandler
                0x0000000008001580       0x14 ./MCALL/STM32F103C6_USART_Drivers.o
                0x0000000008001580                USART3_IRQHandler
 .text.Clock_Init
                0x0000000008001594       0x40 ./Src/main.o
                0x0000000008001594                Clock_Init
 .text.main     0x00000000080015d4       0x48 ./Src/main.o
                0x00000000080015d4                main
 .text.ECUs_EXTI_init
                0x000000000800161c       0x6c ./Src/main.o
                0x000000000800161c                ECUs_EXTI_init
 .text.ECU3_SPI_Init
                0x0000000008001688       0x9c ./Src/main.o
                0x0000000008001688                ECU3_SPI_Init
 .text.ECU1_start_Verifying_Entered_Car
                0x0000000008001724      0x114 ./Src/main.o
                0x0000000008001724                ECU1_start_Verifying_Entered_Car
 .text.ECU2_start_Verifying_Exit_Car
                0x0000000008001838      0x114 ./Src/main.o
                0x0000000008001838                ECU2_start_Verifying_Exit_Car
 .text.Reset_Handler
                0x000000000800194c       0x50 ./Startup/startup_stm32f103c6tx.o
                0x000000000800194c                Reset_Handler
 .text.Default_Handler
                0x000000000800199c        0x2 ./Startup/startup_stm32f103c6tx.o
                0x000000000800199c                TIM8_TRG_COM_IRQHandler
                0x000000000800199c                TIM8_CC_IRQHandler
                0x000000000800199c                DebugMon_Handler
                0x000000000800199c                TIM1_CC_IRQHandler
                0x000000000800199c                HardFault_Handler
                0x000000000800199c                TIM6_IRQHandler
                0x000000000800199c                SysTick_Handler
                0x000000000800199c                PVD_IRQHandler
                0x000000000800199c                SDIO_IRQHandler
                0x000000000800199c                PendSV_Handler
                0x000000000800199c                NMI_Handler
                0x000000000800199c                USB_HP_CAN_TX_IRQHandler
                0x000000000800199c                I2C2_EV_IRQHandler
                0x000000000800199c                UsageFault_Handler
                0x000000000800199c                ADC1_2_IRQHandler
                0x000000000800199c                CAN_SCE_IRQHandler
                0x000000000800199c                TAMPER_IRQHandler
                0x000000000800199c                TIM8_UP_IRQHandler
                0x000000000800199c                DMA2_Channel2_IRQHandler
                0x000000000800199c                DMA1_Channel4_IRQHandler
                0x000000000800199c                RTC_IRQHandler
                0x000000000800199c                DMA1_Channel7_IRQHandler
                0x000000000800199c                UART5_IRQHandler
                0x000000000800199c                ADC3_IRQHandler
                0x000000000800199c                TIM4_IRQHandler
                0x000000000800199c                CAN_RX1_IRQHandler
                0x000000000800199c                DMA2_Channel1_IRQHandler
                0x000000000800199c                DMA1_Channel6_IRQHandler
                0x000000000800199c                UART4_IRQHandler
                0x000000000800199c                TIM3_IRQHandler
                0x000000000800199c                RCC_IRQHandler
                0x000000000800199c                TIM1_TRG_COM_IRQHandler
                0x000000000800199c                DMA1_Channel1_IRQHandler
                0x000000000800199c                Default_Handler
                0x000000000800199c                TIM7_IRQHandler
                0x000000000800199c                TIM5_IRQHandler
                0x000000000800199c                USB_LP_CAN_RX0_IRQHandler
                0x000000000800199c                MemManage_Handler
                0x000000000800199c                SVC_Handler
                0x000000000800199c                DMA1_Channel5_IRQHandler
                0x000000000800199c                DMA1_Channel3_IRQHandler
                0x000000000800199c                FSMC_IRQHandler
                0x000000000800199c                TIM1_UP_IRQHandler
                0x000000000800199c                WWDG_IRQHandler
                0x000000000800199c                TIM2_IRQHandler
                0x000000000800199c                TIM1_BRK_IRQHandler
                0x000000000800199c                RTCAlarm_IRQHandler
                0x000000000800199c                DMA2_Channel4_5_IRQHandler
                0x000000000800199c                I2C2_ER_IRQHandler
                0x000000000800199c                DMA1_Channel2_IRQHandler
                0x000000000800199c                TIM8_BRK_IRQHandler
                0x000000000800199c                FLASH_IRQHandler
                0x000000000800199c                BusFault_Handler
                0x000000000800199c                SPI3_IRQHandler
                0x000000000800199c                DMA2_Channel3_IRQHandler
 *fill*         0x000000000800199e        0x2 
 .text.Check_Admin_Password
                0x00000000080019a0      0x104 ./Tasks/Admin_Tasks.o
                0x00000000080019a0                Check_Admin_Password
 .text.admin_Tasks
                0x0000000008001aa4      0x18c ./Tasks/Admin_Tasks.o
                0x0000000008001aa4                admin_Tasks
 .text.Add_ID   0x0000000008001c30      0x100 ./Tasks/Admin_Tasks.o
                0x0000000008001c30                Add_ID
 .text.Delete_ID
                0x0000000008001d30       0x12 ./Tasks/Admin_Tasks.o
                0x0000000008001d30                Delete_ID
 .text.Delete_IDs
                0x0000000008001d42       0x12 ./Tasks/Admin_Tasks.o
                0x0000000008001d42                Delete_IDs
 .text.View_IDs
                0x0000000008001d54       0x6c ./Tasks/Admin_Tasks.o
                0x0000000008001d54                View_IDs
 .text.strncat  0x0000000008001dc0       0x26 C:/ST/STM32CubeIDE_1.14.1/STM32CubeIDE/plugins/com.st.stm32cube.ide.mcu.externaltools.gnu-tools-for-stm32.11.3.rel1.win32_1.1.100.202309141235/tools/bin/../lib/gcc/arm-none-eabi/11.3.1/../../../../arm-none-eabi/lib/thumb/v7-m/nofp\libc_nano.a(libc_a-strncat.o)
                0x0000000008001dc0                strncat
 .text.strncpy  0x0000000008001de6       0x26 C:/ST/STM32CubeIDE_1.14.1/STM32CubeIDE/plugins/com.st.stm32cube.ide.mcu.externaltools.gnu-tools-for-stm32.11.3.rel1.win32_1.1.100.202309141235/tools/bin/../lib/gcc/arm-none-eabi/11.3.1/../../../../arm-none-eabi/lib/thumb/v7-m/nofp\libc_nano.a(libc_a-strncpy.o)
                0x0000000008001de6                strncpy
 .text.__libc_init_array
                0x0000000008001e0c       0x48 C:/ST/STM32CubeIDE_1.14.1/STM32CubeIDE/plugins/com.st.stm32cube.ide.mcu.externaltools.gnu-tools-for-stm32.11.3.rel1.win32_1.1.100.202309141235/tools/bin/../lib/gcc/arm-none-eabi/11.3.1/../../../../arm-none-eabi/lib/thumb/v7-m/nofp\libc_nano.a(libc_a-init.o)
                0x0000000008001e0c                __libc_init_array
 *(.glue_7)
 .glue_7        0x0000000008001e54        0x0 linker stubs
 *(.glue_7t)
 .glue_7t       0x0000000008001e54        0x0 linker stubs
 *(.eh_frame)
 .eh_frame      0x0000000008001e54        0x0 C:/ST/STM32CubeIDE_1.14.1/STM32CubeIDE/plugins/com.st.stm32cube.ide.mcu.externaltools.gnu-tools-for-stm32.11.3.rel1.win32_1.1.100.202309141235/tools/bin/../lib/gcc/arm-none-eabi/11.3.1/thumb/v7-m/nofp/crtbegin.o
 *(.init)
 .init          0x0000000008001e54        0x4 C:/ST/STM32CubeIDE_1.14.1/STM32CubeIDE/plugins/com.st.stm32cube.ide.mcu.externaltools.gnu-tools-for-stm32.11.3.rel1.win32_1.1.100.202309141235/tools/bin/../lib/gcc/arm-none-eabi/11.3.1/thumb/v7-m/nofp/crti.o
                0x0000000008001e54                _init
 .init          0x0000000008001e58        0x8 C:/ST/STM32CubeIDE_1.14.1/STM32CubeIDE/plugins/com.st.stm32cube.ide.mcu.externaltools.gnu-tools-for-stm32.11.3.rel1.win32_1.1.100.202309141235/tools/bin/../lib/gcc/arm-none-eabi/11.3.1/thumb/v7-m/nofp/crtn.o
 *(.fini)
 .fini          0x0000000008001e60        0x4 C:/ST/STM32CubeIDE_1.14.1/STM32CubeIDE/plugins/com.st.stm32cube.ide.mcu.externaltools.gnu-tools-for-stm32.11.3.rel1.win32_1.1.100.202309141235/tools/bin/../lib/gcc/arm-none-eabi/11.3.1/thumb/v7-m/nofp/crti.o
                0x0000000008001e60                _fini
 .fini          0x0000000008001e64        0x8 C:/ST/STM32CubeIDE_1.14.1/STM32CubeIDE/plugins/com.st.stm32cube.ide.mcu.externaltools.gnu-tools-for-stm32.11.3.rel1.win32_1.1.100.202309141235/tools/bin/../lib/gcc/arm-none-eabi/11.3.1/thumb/v7-m/nofp/crtn.o
                0x0000000008001e6c                . = ALIGN (0x4)
                0x0000000008001e6c                _etext = .

.vfp11_veneer   0x0000000008001e6c        0x0
 .vfp11_veneer  0x0000000008001e6c        0x0 linker stubs

.v4_bx          0x0000000008001e6c        0x0
 .v4_bx         0x0000000008001e6c        0x0 linker stubs

.iplt           0x0000000008001e6c        0x0
 .iplt          0x0000000008001e6c        0x0 C:/ST/STM32CubeIDE_1.14.1/STM32CubeIDE/plugins/com.st.stm32cube.ide.mcu.externaltools.gnu-tools-for-stm32.11.3.rel1.win32_1.1.100.202309141235/tools/bin/../lib/gcc/arm-none-eabi/11.3.1/thumb/v7-m/nofp/crtbegin.o

.rodata         0x0000000008001e6c      0x118
                0x0000000008001e6c                . = ALIGN (0x4)
 *(.rodata)
 .rodata        0x0000000008001e6c       0x18 ./Src/main.o
 .rodata        0x0000000008001e84      0x100 ./Tasks/Admin_Tasks.o
 *(.rodata*)
                0x0000000008001f84                . = ALIGN (0x4)

.rel.dyn        0x0000000008001f84        0x0
 .rel.iplt      0x0000000008001f84        0x0 C:/ST/STM32CubeIDE_1.14.1/STM32CubeIDE/plugins/com.st.stm32cube.ide.mcu.externaltools.gnu-tools-for-stm32.11.3.rel1.win32_1.1.100.202309141235/tools/bin/../lib/gcc/arm-none-eabi/11.3.1/thumb/v7-m/nofp/crtbegin.o

.ARM.extab      0x0000000008001f84        0x0
                0x0000000008001f84                . = ALIGN (0x4)
 *(.ARM.extab* .gnu.linkonce.armextab.*)
                0x0000000008001f84                . = ALIGN (0x4)

.ARM            0x0000000008001f84        0x0
                0x0000000008001f84                . = ALIGN (0x4)
                0x0000000008001f84                __exidx_start = .
 *(.ARM.exidx*)
                0x0000000008001f84                __exidx_end = .
                0x0000000008001f84                . = ALIGN (0x4)

.preinit_array  0x0000000008001f84        0x0
                0x0000000008001f84                . = ALIGN (0x4)
                0x0000000008001f84                PROVIDE (__preinit_array_start = .)
 *(.preinit_array*)
                0x0000000008001f84                PROVIDE (__preinit_array_end = .)
                0x0000000008001f84                . = ALIGN (0x4)

.init_array     0x0000000008001f84        0x4
                0x0000000008001f84                . = ALIGN (0x4)
                0x0000000008001f84                PROVIDE (__init_array_start = .)
 *(SORT_BY_NAME(.init_array.*))
 *(.init_array*)
 .init_array    0x0000000008001f84        0x4 C:/ST/STM32CubeIDE_1.14.1/STM32CubeIDE/plugins/com.st.stm32cube.ide.mcu.externaltools.gnu-tools-for-stm32.11.3.rel1.win32_1.1.100.202309141235/tools/bin/../lib/gcc/arm-none-eabi/11.3.1/thumb/v7-m/nofp/crtbegin.o
                0x0000000008001f88                PROVIDE (__init_array_end = .)
                0x0000000008001f88                . = ALIGN (0x4)

.fini_array     0x0000000008001f88        0x4
                0x0000000008001f88                . = ALIGN (0x4)
                [!provide]                        PROVIDE (__fini_array_start = .)
 *(SORT_BY_NAME(.fini_array.*))
 *(.fini_array*)
 .fini_array    0x0000000008001f88        0x4 C:/ST/STM32CubeIDE_1.14.1/STM32CubeIDE/plugins/com.st.stm32cube.ide.mcu.externaltools.gnu-tools-for-stm32.11.3.rel1.win32_1.1.100.202309141235/tools/bin/../lib/gcc/arm-none-eabi/11.3.1/thumb/v7-m/nofp/crtbegin.o
                [!provide]                        PROVIDE (__fini_array_end = .)
                0x0000000008001f8c                . = ALIGN (0x4)
                0x0000000008001f8c                _sidata = LOADADDR (.data)

.data           0x0000000020000000       0x38 load address 0x0000000008001f8c
                0x0000000020000000                . = ALIGN (0x4)
                0x0000000020000000                _sdata = .
 *(.data)
 *(.data*)
 .data.keypad_Row
                0x0000000020000000       0x10 ./HALL/keypad_Driver.o
                0x0000000020000000                keypad_Row
 .data.keypad_Column
                0x0000000020000010        0xc ./HALL/keypad_Driver.o
                0x0000000020000010                keypad_Column
 .data.seg_CCathodeVal
                0x000000002000001c        0xa ./HALL/seven_segmnet.o
 .data.available_SlotsNumber
                0x0000000020000026        0x1 ./Src/main.o
                0x0000000020000026                available_SlotsNumber
 *fill*         0x0000000020000027        0x1 
 .data.IDs      0x0000000020000028        0xf ./Src/main.o
                0x0000000020000028                IDs
 *(.RamFunc)
 *(.RamFunc*)
                0x0000000020000038                . = ALIGN (0x4)
 *fill*         0x0000000020000037        0x1 
                0x0000000020000038                _edata = .

.igot.plt       0x0000000020000038        0x0 load address 0x0000000008001fc4
 .igot.plt      0x0000000020000038        0x0 C:/ST/STM32CubeIDE_1.14.1/STM32CubeIDE/plugins/com.st.stm32cube.ide.mcu.externaltools.gnu-tools-for-stm32.11.3.rel1.win32_1.1.100.202309141235/tools/bin/../lib/gcc/arm-none-eabi/11.3.1/thumb/v7-m/nofp/crtbegin.o
                0x0000000020000038                . = ALIGN (0x4)

.bss            0x0000000020000038       0xa0 load address 0x0000000008001fc4
                0x0000000020000038                _sbss = .
                0x0000000020000038                __bss_start__ = _sbss
 *(.bss)
 .bss           0x0000000020000038       0x1c C:/ST/STM32CubeIDE_1.14.1/STM32CubeIDE/plugins/com.st.stm32cube.ide.mcu.externaltools.gnu-tools-for-stm32.11.3.rel1.win32_1.1.100.202309141235/tools/bin/../lib/gcc/arm-none-eabi/11.3.1/thumb/v7-m/nofp/crtbegin.o
 *(.bss*)
 .bss.GP_IRQ_CallBack
                0x0000000020000054       0x3c ./MCALL/STM32F103C6_EXTI_Driver.o
                0x0000000020000054                GP_IRQ_CallBack
 .bss.Global_SPI_Config
                0x0000000020000090        0x8 ./MCALL/STM32F103C6_SPI_Driver.o
                0x0000000020000090                Global_SPI_Config
 .bss.Global_SPI_Config1
                0x0000000020000098       0x18 ./MCALL/STM32F103C6_SPI_Driver.o
                0x0000000020000098                Global_SPI_Config1
 .bss.Global_SPI_Config2
                0x00000000200000b0       0x18 ./MCALL/STM32F103C6_SPI_Driver.o
                0x00000000200000b0                Global_SPI_Config2
 .bss.Global_UART_Config
                0x00000000200000c8        0x4 ./MCALL/STM32F103C6_USART_Drivers.o
                0x00000000200000c8                Global_UART_Config
 .bss.AdminPassword_flag
                0x00000000200000cc        0x1 ./Src/main.o
                0x00000000200000cc                AdminPassword_flag
 .bss.flag2     0x00000000200000cd        0x1 ./Src/main.o
                0x00000000200000cd                flag2
 .bss.ch        0x00000000200000ce        0x1 ./Src/main.o
                0x00000000200000ce                ch
 *fill*         0x00000000200000cf        0x1 
 .bss.receivedID
                0x00000000200000d0        0x5 ./Src/main.o
                0x00000000200000d0                receivedID
 .bss.number_Of_IDS.0
                0x00000000200000d5        0x1 ./Tasks/Admin_Tasks.o
 *(COMMON)
                0x00000000200000d8                . = ALIGN (0x4)
 *fill*         0x00000000200000d6        0x2 
                0x00000000200000d8                _ebss = .
                0x00000000200000d8                __bss_end__ = _ebss

._user_heap_stack
                0x00000000200000d8      0x600 load address 0x0000000008001fc4
                0x00000000200000d8                . = ALIGN (0x8)
                [!provide]                        PROVIDE (end = .)
                0x00000000200000d8                PROVIDE (_end = .)
                0x00000000200002d8                . = (. + _Min_Heap_Size)
 *fill*         0x00000000200000d8      0x200 
                0x00000000200006d8                . = (. + _Min_Stack_Size)
 *fill*         0x00000000200002d8      0x400 
                0x00000000200006d8                . = ALIGN (0x8)

/DISCARD/
 libc.a(*)
 libm.a(*)
 libgcc.a(*)

.ARM.attributes
                0x0000000000000000       0x29
 *(.ARM.attributes)
 .ARM.attributes
                0x0000000000000000       0x1d C:/ST/STM32CubeIDE_1.14.1/STM32CubeIDE/plugins/com.st.stm32cube.ide.mcu.externaltools.gnu-tools-for-stm32.11.3.rel1.win32_1.1.100.202309141235/tools/bin/../lib/gcc/arm-none-eabi/11.3.1/thumb/v7-m/nofp/crti.o
 .ARM.attributes
                0x000000000000001d       0x2d C:/ST/STM32CubeIDE_1.14.1/STM32CubeIDE/plugins/com.st.stm32cube.ide.mcu.externaltools.gnu-tools-for-stm32.11.3.rel1.win32_1.1.100.202309141235/tools/bin/../lib/gcc/arm-none-eabi/11.3.1/thumb/v7-m/nofp/crtbegin.o
 .ARM.attributes
                0x000000000000004a       0x2d ./HALL/keypad_Driver.o
 .ARM.attributes
                0x0000000000000077       0x2d ./HALL/lcd_driver.o
 .ARM.attributes
                0x00000000000000a4       0x2d ./HALL/seven_segmnet.o
 .ARM.attributes
                0x00000000000000d1       0x2d ./MCALL/STM32F103C6_EXTI_Driver.o
 .ARM.attributes
                0x00000000000000fe       0x2d ./MCALL/STM32F103C6_GPIO_Driver.o
 .ARM.attributes
                0x000000000000012b       0x2d ./MCALL/STM32F103C6_I2C_Driver.o
 .ARM.attributes
                0x0000000000000158       0x2d ./MCALL/STM32F103C6_SPI_Driver.o
 .ARM.attributes
                0x0000000000000185       0x2d ./MCALL/STM32F103C6_USART_Drivers.o
 .ARM.attributes
                0x00000000000001b2       0x2d ./Src/main.o
 .ARM.attributes
                0x00000000000001df       0x21 ./Startup/startup_stm32f103c6tx.o
 .ARM.attributes
                0x0000000000000200       0x2d ./Tasks/Admin_Tasks.o
 .ARM.attributes
                0x000000000000022d       0x2d C:/ST/STM32CubeIDE_1.14.1/STM32CubeIDE/plugins/com.st.stm32cube.ide.mcu.externaltools.gnu-tools-for-stm32.11.3.rel1.win32_1.1.100.202309141235/tools/bin/../lib/gcc/arm-none-eabi/11.3.1/../../../../arm-none-eabi/lib/thumb/v7-m/nofp\libc_nano.a(libc_a-strncat.o)
 .ARM.attributes
                0x000000000000025a       0x2d C:/ST/STM32CubeIDE_1.14.1/STM32CubeIDE/plugins/com.st.stm32cube.ide.mcu.externaltools.gnu-tools-for-stm32.11.3.rel1.win32_1.1.100.202309141235/tools/bin/../lib/gcc/arm-none-eabi/11.3.1/../../../../arm-none-eabi/lib/thumb/v7-m/nofp\libc_nano.a(libc_a-strncpy.o)
 .ARM.attributes
                0x0000000000000287       0x2d C:/ST/STM32CubeIDE_1.14.1/STM32CubeIDE/plugins/com.st.stm32cube.ide.mcu.externaltools.gnu-tools-for-stm32.11.3.rel1.win32_1.1.100.202309141235/tools/bin/../lib/gcc/arm-none-eabi/11.3.1/../../../../arm-none-eabi/lib/thumb/v7-m/nofp\libc_nano.a(libc_a-init.o)
 .ARM.attributes
                0x00000000000002b4       0x1b C:/ST/STM32CubeIDE_1.14.1/STM32CubeIDE/plugins/com.st.stm32cube.ide.mcu.externaltools.gnu-tools-for-stm32.11.3.rel1.win32_1.1.100.202309141235/tools/bin/../lib/gcc/arm-none-eabi/11.3.1/../../../../arm-none-eabi/lib/thumb/v7-m/nofp\libc_nano.a(libc_a-strcmp.o)
 .ARM.attributes
                0x00000000000002cf       0x1d C:/ST/STM32CubeIDE_1.14.1/STM32CubeIDE/plugins/com.st.stm32cube.ide.mcu.externaltools.gnu-tools-for-stm32.11.3.rel1.win32_1.1.100.202309141235/tools/bin/../lib/gcc/arm-none-eabi/11.3.1/thumb/v7-m/nofp/crtn.o
OUTPUT(ECU3_dashboard.elf elf32-littlearm)
LOAD linker stubs
LOAD C:/ST/STM32CubeIDE_1.14.1/STM32CubeIDE/plugins/com.st.stm32cube.ide.mcu.externaltools.gnu-tools-for-stm32.11.3.rel1.win32_1.1.100.202309141235/tools/bin/../lib/gcc/arm-none-eabi/11.3.1/../../../../arm-none-eabi/lib/thumb/v7-m/nofp\libc.a
LOAD C:/ST/STM32CubeIDE_1.14.1/STM32CubeIDE/plugins/com.st.stm32cube.ide.mcu.externaltools.gnu-tools-for-stm32.11.3.rel1.win32_1.1.100.202309141235/tools/bin/../lib/gcc/arm-none-eabi/11.3.1/../../../../arm-none-eabi/lib/thumb/v7-m/nofp\libm.a
LOAD C:/ST/STM32CubeIDE_1.14.1/STM32CubeIDE/plugins/com.st.stm32cube.ide.mcu.externaltools.gnu-tools-for-stm32.11.3.rel1.win32_1.1.100.202309141235/tools/bin/../lib/gcc/arm-none-eabi/11.3.1/thumb/v7-m/nofp\libgcc.a

.comment        0x0000000000000000       0x43
 .comment       0x0000000000000000       0x43 C:/ST/STM32CubeIDE_1.14.1/STM32CubeIDE/plugins/com.st.stm32cube.ide.mcu.externaltools.gnu-tools-for-stm32.11.3.rel1.win32_1.1.100.202309141235/tools/bin/../lib/gcc/arm-none-eabi/11.3.1/thumb/v7-m/nofp/crtbegin.o
                                         0x44 (size before relaxing)
 .comment       0x0000000000000043       0x44 ./HALL/keypad_Driver.o
 .comment       0x0000000000000043       0x44 ./HALL/lcd_driver.o
 .comment       0x0000000000000043       0x44 ./HALL/seven_segmnet.o
 .comment       0x0000000000000043       0x44 ./MCALL/STM32F103C6_EXTI_Driver.o
 .comment       0x0000000000000043       0x44 ./MCALL/STM32F103C6_GPIO_Driver.o
 .comment       0x0000000000000043       0x44 ./MCALL/STM32F103C6_I2C_Driver.o
 .comment       0x0000000000000043       0x44 ./MCALL/STM32F103C6_SPI_Driver.o
 .comment       0x0000000000000043       0x44 ./MCALL/STM32F103C6_USART_Drivers.o
 .comment       0x0000000000000043       0x44 ./Src/main.o
 .comment       0x0000000000000043       0x44 ./Tasks/Admin_Tasks.o

.debug_info     0x0000000000000000     0x364b
 .debug_info    0x0000000000000000      0x299 ./HALL/keypad_Driver.o
 .debug_info    0x0000000000000299      0x4a5 ./HALL/lcd_driver.o
 .debug_info    0x000000000000073e      0x257 ./HALL/seven_segmnet.o
 .debug_info    0x0000000000000995      0x531 ./MCALL/STM32F103C6_EXTI_Driver.o
 .debug_info    0x0000000000000ec6      0x4b9 ./MCALL/STM32F103C6_GPIO_Driver.o
 .debug_info    0x000000000000137f      0x9d4 ./MCALL/STM32F103C6_I2C_Driver.o
 .debug_info    0x0000000000001d53      0x6a6 ./MCALL/STM32F103C6_SPI_Driver.o
 .debug_info    0x00000000000023f9      0x607 ./MCALL/STM32F103C6_USART_Drivers.o
 .debug_info    0x0000000000002a00      0x838 ./Src/main.o
 .debug_info    0x0000000000003238       0x22 ./Startup/startup_stm32f103c6tx.o
 .debug_info    0x000000000000325a      0x3f1 ./Tasks/Admin_Tasks.o

.debug_abbrev   0x0000000000000000     0x109f
 .debug_abbrev  0x0000000000000000      0x12d ./HALL/keypad_Driver.o
 .debug_abbrev  0x000000000000012d      0x19e ./HALL/lcd_driver.o
 .debug_abbrev  0x00000000000002cb      0x105 ./HALL/seven_segmnet.o
 .debug_abbrev  0x00000000000003d0      0x1ab ./MCALL/STM32F103C6_EXTI_Driver.o
 .debug_abbrev  0x000000000000057b      0x16f ./MCALL/STM32F103C6_GPIO_Driver.o
 .debug_abbrev  0x00000000000006ea      0x22e ./MCALL/STM32F103C6_I2C_Driver.o
 .debug_abbrev  0x0000000000000918      0x1f4 ./MCALL/STM32F103C6_SPI_Driver.o
 .debug_abbrev  0x0000000000000b0c      0x1e2 ./MCALL/STM32F103C6_USART_Drivers.o
 .debug_abbrev  0x0000000000000cee      0x235 ./Src/main.o
 .debug_abbrev  0x0000000000000f23       0x12 ./Startup/startup_stm32f103c6tx.o
 .debug_abbrev  0x0000000000000f35      0x16a ./Tasks/Admin_Tasks.o

.debug_loc      0x0000000000000000     0x1892
 .debug_loc     0x0000000000000000       0xa0 ./HALL/keypad_Driver.o
 .debug_loc     0x00000000000000a0      0x336 ./HALL/lcd_driver.o
 .debug_loc     0x00000000000003d6       0xa0 ./HALL/seven_segmnet.o
 .debug_loc     0x0000000000000476      0x320 ./MCALL/STM32F103C6_EXTI_Driver.o
 .debug_loc     0x0000000000000796      0x330 ./MCALL/STM32F103C6_GPIO_Driver.o
 .debug_loc     0x0000000000000ac6      0x49c ./MCALL/STM32F103C6_I2C_Driver.o
 .debug_loc     0x0000000000000f62      0x2bc ./MCALL/STM32F103C6_SPI_Driver.o
 .debug_loc     0x000000000000121e      0x294 ./MCALL/STM32F103C6_USART_Drivers.o
 .debug_loc     0x00000000000014b2      0x1b0 ./Src/main.o
 .debug_loc     0x0000000000001662      0x230 ./Tasks/Admin_Tasks.o

.debug_aranges  0x0000000000000000      0x3a0
 .debug_aranges
                0x0000000000000000       0x28 ./HALL/keypad_Driver.o
 .debug_aranges
                0x0000000000000028       0x70 ./HALL/lcd_driver.o
 .debug_aranges
                0x0000000000000098       0x28 ./HALL/seven_segmnet.o
 .debug_aranges
                0x00000000000000c0       0x80 ./MCALL/STM32F103C6_EXTI_Driver.o
 .debug_aranges
                0x0000000000000140       0x60 ./MCALL/STM32F103C6_GPIO_Driver.o
 .debug_aranges
                0x00000000000001a0       0x88 ./MCALL/STM32F103C6_I2C_Driver.o
 .debug_aranges
                0x0000000000000228       0x58 ./MCALL/STM32F103C6_SPI_Driver.o
 .debug_aranges
                0x0000000000000280       0x60 ./MCALL/STM32F103C6_USART_Drivers.o
 .debug_aranges
                0x00000000000002e0       0x48 ./Src/main.o
 .debug_aranges
                0x0000000000000328       0x28 ./Startup/startup_stm32f103c6tx.o
 .debug_aranges
                0x0000000000000350       0x50 ./Tasks/Admin_Tasks.o

.debug_ranges   0x0000000000000000      0x2f8
 .debug_ranges  0x0000000000000000       0x18 ./HALL/keypad_Driver.o
 .debug_ranges  0x0000000000000018       0x60 ./HALL/lcd_driver.o
 .debug_ranges  0x0000000000000078       0x18 ./HALL/seven_segmnet.o
 .debug_ranges  0x0000000000000090       0x70 ./MCALL/STM32F103C6_EXTI_Driver.o
 .debug_ranges  0x0000000000000100       0x50 ./MCALL/STM32F103C6_GPIO_Driver.o
 .debug_ranges  0x0000000000000150       0x78 ./MCALL/STM32F103C6_I2C_Driver.o
 .debug_ranges  0x00000000000001c8       0x48 ./MCALL/STM32F103C6_SPI_Driver.o
 .debug_ranges  0x0000000000000210       0x50 ./MCALL/STM32F103C6_USART_Drivers.o
 .debug_ranges  0x0000000000000260       0x38 ./Src/main.o
 .debug_ranges  0x0000000000000298       0x20 ./Startup/startup_stm32f103c6tx.o
 .debug_ranges  0x00000000000002b8       0x40 ./Tasks/Admin_Tasks.o

.debug_macro    0x0000000000000000     0x187d
 .debug_macro   0x0000000000000000      0x18f ./HALL/keypad_Driver.o
 .debug_macro   0x000000000000018f       0xd0 ./HALL/keypad_Driver.o
 .debug_macro   0x000000000000025f       0x16 ./HALL/keypad_Driver.o
 .debug_macro   0x0000000000000275       0x35 ./HALL/keypad_Driver.o
 .debug_macro   0x00000000000002aa       0x20 ./HALL/keypad_Driver.o
 .debug_macro   0x00000000000002ca       0x3a ./HALL/keypad_Driver.o
 .debug_macro   0x0000000000000304      0x15f ./HALL/lcd_driver.o
 .debug_macro   0x0000000000000463      0x118 ./HALL/lcd_driver.o
 .debug_macro   0x000000000000057b      0x15b ./HALL/seven_segmnet.o
 .debug_macro   0x00000000000006d6       0x4c ./HALL/seven_segmnet.o
 .debug_macro   0x0000000000000722      0x15b ./MCALL/STM32F103C6_EXTI_Driver.o
 .debug_macro   0x000000000000087d      0x1bf ./MCALL/STM32F103C6_EXTI_Driver.o
 .debug_macro   0x0000000000000a3c      0x14c ./MCALL/STM32F103C6_GPIO_Driver.o
 .debug_macro   0x0000000000000b88      0x16a ./MCALL/STM32F103C6_I2C_Driver.o
 .debug_macro   0x0000000000000cf2      0x16d ./MCALL/STM32F103C6_SPI_Driver.o
 .debug_macro   0x0000000000000e5f       0xdd ./MCALL/STM32F103C6_SPI_Driver.o
 .debug_macro   0x0000000000000f3c      0x155 ./MCALL/STM32F103C6_USART_Drivers.o
 .debug_macro   0x0000000000001091      0x103 ./MCALL/STM32F103C6_USART_Drivers.o
 .debug_macro   0x0000000000001194      0x219 ./Src/main.o
 .debug_macro   0x00000000000013ad      0x1c5 ./Src/main.o
 .debug_macro   0x0000000000001572       0x52 ./Src/main.o
 .debug_macro   0x00000000000015c4      0x1d6 ./Tasks/Admin_Tasks.o
 .debug_macro   0x000000000000179a       0xe3 ./Tasks/Admin_Tasks.o

.debug_line     0x0000000000000000     0x53bf
 .debug_line    0x0000000000000000      0x732 ./HALL/keypad_Driver.o
 .debug_line    0x0000000000000732      0x872 ./HALL/lcd_driver.o
 .debug_line    0x0000000000000fa4      0x61e ./HALL/seven_segmnet.o
 .debug_line    0x00000000000015c2      0x9f1 ./MCALL/STM32F103C6_EXTI_Driver.o
 .debug_line    0x0000000000001fb3      0x7eb ./MCALL/STM32F103C6_GPIO_Driver.o
 .debug_line    0x000000000000279e      0xa12 ./MCALL/STM32F103C6_I2C_Driver.o
 .debug_line    0x00000000000031b0      0x8c2 ./MCALL/STM32F103C6_SPI_Driver.o
 .debug_line    0x0000000000003a72      0x810 ./MCALL/STM32F103C6_USART_Drivers.o
 .debug_line    0x0000000000004282      0x85a ./Src/main.o
 .debug_line    0x0000000000004adc       0x84 ./Startup/startup_stm32f103c6tx.o
 .debug_line    0x0000000000004b60      0x85f ./Tasks/Admin_Tasks.o

.debug_str      0x0000000000000000     0xce1c
 .debug_str     0x0000000000000000     0x9871 ./HALL/keypad_Driver.o
                                       0x9a78 (size before relaxing)
 .debug_str     0x0000000000009871      0x535 ./HALL/lcd_driver.o
                                       0x9e57 (size before relaxing)
 .debug_str     0x0000000000009da6      0x1d3 ./HALL/seven_segmnet.o
                                       0x9ace (size before relaxing)
 .debug_str     0x0000000000009f79     0x13d1 ./MCALL/STM32F103C6_EXTI_Driver.o
                                       0xacd4 (size before relaxing)
 .debug_str     0x000000000000b34a      0x10a ./MCALL/STM32F103C6_GPIO_Driver.o
                                       0x9a4c (size before relaxing)
 .debug_str     0x000000000000b454      0x6fc ./MCALL/STM32F103C6_I2C_Driver.o
                                       0xa07a (size before relaxing)
 .debug_str     0x000000000000bb50      0x78e ./MCALL/STM32F103C6_SPI_Driver.o
                                       0xa0e8 (size before relaxing)
 .debug_str     0x000000000000c2de      0x8a1 ./MCALL/STM32F103C6_USART_Drivers.o
                                       0xa221 (size before relaxing)
 .debug_str     0x000000000000cb7f      0x1bd ./Src/main.o
                                       0xbc90 (size before relaxing)
 .debug_str     0x000000000000cd3c       0x2f ./Startup/startup_stm32f103c6tx.o
                                         0x89 (size before relaxing)
 .debug_str     0x000000000000cd6b       0xb1 ./Tasks/Admin_Tasks.o
                                       0xb7ab (size before relaxing)

.debug_frame    0x0000000000000000      0xcb4
 .debug_frame   0x0000000000000000       0x58 ./HALL/keypad_Driver.o
 .debug_frame   0x0000000000000058      0x198 ./HALL/lcd_driver.o
 .debug_frame   0x00000000000001f0       0x58 ./HALL/seven_segmnet.o
 .debug_frame   0x0000000000000248      0x1b0 ./MCALL/STM32F103C6_EXTI_Driver.o
 .debug_frame   0x00000000000003f8      0x178 ./MCALL/STM32F103C6_GPIO_Driver.o
 .debug_frame   0x0000000000000570      0x224 ./MCALL/STM32F103C6_I2C_Driver.o
 .debug_frame   0x0000000000000794      0x148 ./MCALL/STM32F103C6_SPI_Driver.o
 .debug_frame   0x00000000000008dc      0x14c ./MCALL/STM32F103C6_USART_Drivers.o
 .debug_frame   0x0000000000000a28       0xdc ./Src/main.o
 .debug_frame   0x0000000000000b04      0x110 ./Tasks/Admin_Tasks.o
 .debug_frame   0x0000000000000c14       0x2c C:/ST/STM32CubeIDE_1.14.1/STM32CubeIDE/plugins/com.st.stm32cube.ide.mcu.externaltools.gnu-tools-for-stm32.11.3.rel1.win32_1.1.100.202309141235/tools/bin/../lib/gcc/arm-none-eabi/11.3.1/../../../../arm-none-eabi/lib/thumb/v7-m/nofp\libc_nano.a(libc_a-strncat.o)
 .debug_frame   0x0000000000000c40       0x28 C:/ST/STM32CubeIDE_1.14.1/STM32CubeIDE/plugins/com.st.stm32cube.ide.mcu.externaltools.gnu-tools-for-stm32.11.3.rel1.win32_1.1.100.202309141235/tools/bin/../lib/gcc/arm-none-eabi/11.3.1/../../../../arm-none-eabi/lib/thumb/v7-m/nofp\libc_nano.a(libc_a-strncpy.o)
 .debug_frame   0x0000000000000c68       0x2c C:/ST/STM32CubeIDE_1.14.1/STM32CubeIDE/plugins/com.st.stm32cube.ide.mcu.externaltools.gnu-tools-for-stm32.11.3.rel1.win32_1.1.100.202309141235/tools/bin/../lib/gcc/arm-none-eabi/11.3.1/../../../../arm-none-eabi/lib/thumb/v7-m/nofp\libc_nano.a(libc_a-init.o)
 .debug_frame   0x0000000000000c94       0x20 C:/ST/STM32CubeIDE_1.14.1/STM32CubeIDE/plugins/com.st.stm32cube.ide.mcu.externaltools.gnu-tools-for-stm32.11.3.rel1.win32_1.1.100.202309141235/tools/bin/../lib/gcc/arm-none-eabi/11.3.1/../../../../arm-none-eabi/lib/thumb/v7-m/nofp\libc_nano.a(libc_a-strcmp.o)
