Archive member included to satisfy reference by file (symbol)

C:/ST/STM32CubeIDE_1.14.1/STM32CubeIDE/plugins/com.st.stm32cube.ide.mcu.externaltools.gnu-tools-for-stm32.11.3.rel1.win32_1.1.100.202309141235/tools/bin/../lib/gcc/arm-none-eabi/11.3.1/../../../../arm-none-eabi/lib/thumb/v7-m/nofp\libc_nano.a(libc_a-exit.o)
                              C:/ST/STM32CubeIDE_1.14.1/STM32CubeIDE/plugins/com.st.stm32cube.ide.mcu.externaltools.gnu-tools-for-stm32.11.3.rel1.win32_1.1.100.202309141235/tools/bin/../lib/gcc/arm-none-eabi/11.3.1/../../../../arm-none-eabi/lib/thumb/v7-m/nofp/crt0.o (exit)
C:/ST/STM32CubeIDE_1.14.1/STM32CubeIDE/plugins/com.st.stm32cube.ide.mcu.externaltools.gnu-tools-for-stm32.11.3.rel1.win32_1.1.100.202309141235/tools/bin/../lib/gcc/arm-none-eabi/11.3.1/../../../../arm-none-eabi/lib/thumb/v7-m/nofp\libc_nano.a(libc_a-findfp.o)
                              C:/ST/STM32CubeIDE_1.14.1/STM32CubeIDE/plugins/com.st.stm32cube.ide.mcu.externaltools.gnu-tools-for-stm32.11.3.rel1.win32_1.1.100.202309141235/tools/bin/../lib/gcc/arm-none-eabi/11.3.1/../../../../arm-none-eabi/lib/thumb/v7-m/nofp\libc_nano.a(libc_a-exit.o) (__stdio_exit_handler)
C:/ST/STM32CubeIDE_1.14.1/STM32CubeIDE/plugins/com.st.stm32cube.ide.mcu.externaltools.gnu-tools-for-stm32.11.3.rel1.win32_1.1.100.202309141235/tools/bin/../lib/gcc/arm-none-eabi/11.3.1/../../../../arm-none-eabi/lib/thumb/v7-m/nofp\libc_nano.a(libc_a-fwalk.o)
                              C:/ST/STM32CubeIDE_1.14.1/STM32CubeIDE/plugins/com.st.stm32cube.ide.mcu.externaltools.gnu-tools-for-stm32.11.3.rel1.win32_1.1.100.202309141235/tools/bin/../lib/gcc/arm-none-eabi/11.3.1/../../../../arm-none-eabi/lib/thumb/v7-m/nofp\libc_nano.a(libc_a-findfp.o) (_fwalk_sglue)
C:/ST/STM32CubeIDE_1.14.1/STM32CubeIDE/plugins/com.st.stm32cube.ide.mcu.externaltools.gnu-tools-for-stm32.11.3.rel1.win32_1.1.100.202309141235/tools/bin/../lib/gcc/arm-none-eabi/11.3.1/../../../../arm-none-eabi/lib/thumb/v7-m/nofp\libc_nano.a(libc_a-sprintf.o)
                              ./HALL/lcd_driver.o (sprintf)
C:/ST/STM32CubeIDE_1.14.1/STM32CubeIDE/plugins/com.st.stm32cube.ide.mcu.externaltools.gnu-tools-for-stm32.11.3.rel1.win32_1.1.100.202309141235/tools/bin/../lib/gcc/arm-none-eabi/11.3.1/../../../../arm-none-eabi/lib/thumb/v7-m/nofp\libc_nano.a(libc_a-stdio.o)
                              C:/ST/STM32CubeIDE_1.14.1/STM32CubeIDE/plugins/com.st.stm32cube.ide.mcu.externaltools.gnu-tools-for-stm32.11.3.rel1.win32_1.1.100.202309141235/tools/bin/../lib/gcc/arm-none-eabi/11.3.1/../../../../arm-none-eabi/lib/thumb/v7-m/nofp\libc_nano.a(libc_a-findfp.o) (__sread)
C:/ST/STM32CubeIDE_1.14.1/STM32CubeIDE/plugins/com.st.stm32cube.ide.mcu.externaltools.gnu-tools-for-stm32.11.3.rel1.win32_1.1.100.202309141235/tools/bin/../lib/gcc/arm-none-eabi/11.3.1/../../../../arm-none-eabi/lib/thumb/v7-m/nofp\libc_nano.a(libc_a-memset.o)
                              C:/ST/STM32CubeIDE_1.14.1/STM32CubeIDE/plugins/com.st.stm32cube.ide.mcu.externaltools.gnu-tools-for-stm32.11.3.rel1.win32_1.1.100.202309141235/tools/bin/../lib/gcc/arm-none-eabi/11.3.1/../../../../arm-none-eabi/lib/thumb/v7-m/nofp/crt0.o (memset)
C:/ST/STM32CubeIDE_1.14.1/STM32CubeIDE/plugins/com.st.stm32cube.ide.mcu.externaltools.gnu-tools-for-stm32.11.3.rel1.win32_1.1.100.202309141235/tools/bin/../lib/gcc/arm-none-eabi/11.3.1/../../../../arm-none-eabi/lib/thumb/v7-m/nofp\libc_nano.a(libc_a-strncat.o)
                              ./Tasks/Admin_Tasks.o (strncat)
C:/ST/STM32CubeIDE_1.14.1/STM32CubeIDE/plugins/com.st.stm32cube.ide.mcu.externaltools.gnu-tools-for-stm32.11.3.rel1.win32_1.1.100.202309141235/tools/bin/../lib/gcc/arm-none-eabi/11.3.1/../../../../arm-none-eabi/lib/thumb/v7-m/nofp\libc_nano.a(libc_a-strncpy.o)
                              ./Tasks/Admin_Tasks.o (strncpy)
C:/ST/STM32CubeIDE_1.14.1/STM32CubeIDE/plugins/com.st.stm32cube.ide.mcu.externaltools.gnu-tools-for-stm32.11.3.rel1.win32_1.1.100.202309141235/tools/bin/../lib/gcc/arm-none-eabi/11.3.1/../../../../arm-none-eabi/lib/thumb/v7-m/nofp\libc_nano.a(libc_a-closer.o)
                              C:/ST/STM32CubeIDE_1.14.1/STM32CubeIDE/plugins/com.st.stm32cube.ide.mcu.externaltools.gnu-tools-for-stm32.11.3.rel1.win32_1.1.100.202309141235/tools/bin/../lib/gcc/arm-none-eabi/11.3.1/../../../../arm-none-eabi/lib/thumb/v7-m/nofp\libc_nano.a(libc_a-stdio.o) (_close_r)
C:/ST/STM32CubeIDE_1.14.1/STM32CubeIDE/plugins/com.st.stm32cube.ide.mcu.externaltools.gnu-tools-for-stm32.11.3.rel1.win32_1.1.100.202309141235/tools/bin/../lib/gcc/arm-none-eabi/11.3.1/../../../../arm-none-eabi/lib/thumb/v7-m/nofp\libc_nano.a(libc_a-reent.o)
                              C:/ST/STM32CubeIDE_1.14.1/STM32CubeIDE/plugins/com.st.stm32cube.ide.mcu.externaltools.gnu-tools-for-stm32.11.3.rel1.win32_1.1.100.202309141235/tools/bin/../lib/gcc/arm-none-eabi/11.3.1/../../../../arm-none-eabi/lib/thumb/v7-m/nofp\libc_nano.a(libc_a-closer.o) (errno)
[...]
Memory Configuration

Name             Origin             Length             Attributes
RAM              0x0000000020000000 0x0000000000002800 xrw
FLASH            0x0000000008000000 0x0000000000008000 xr
*default*        0x0000000000000000 0xffffffffffffffff

Linker script and memory map

LOAD C:/ST/STM32CubeIDE_1.14.1/STM32CubeIDE/plugins/com.st.stm32cube.ide.mcu.externaltools.gnu-tools-for-stm32.11.3.rel1.win32_1.1.100.202309141235/tools/bin/../lib/gcc/arm-none-eabi/11.3.1/thumb/v7-m/nofp/crti.o
LOAD C:/ST/STM32CubeIDE_1.14.1/STM32CubeIDE/plugins/com.st.stm32cube.ide.mcu.externaltools.gnu-tools-for-stm32.11.3.rel1.win32_1.1.100.202309141235/tools/bin/../lib/gcc/arm-none-eabi/11.3.1/thumb/v7-m/nofp/crtbegin.o
LOAD C:/ST/STM32CubeIDE_1.14.1/STM32CubeIDE/plugins/com.st.stm32cube.ide.mcu.externaltools.gnu-tools-for-stm32.11.3.rel1.win32_1.1.100.202309141235/tools/bin/../lib/gcc/arm-none-eabi/11.3.1/../../../../arm-none-eabi/lib/thumb/v7-m/nofp/crt0.o
LOAD ./HALL/EEPROM.o
LOAD ./HALL/keypad_Driver.o
LOAD ./HALL/lcd_driver.o
LOAD ./HALL/seven_segmnet.o
LOAD ./MCALL/STM32F103C6_EXTI_Driver.o
LOAD ./MCALL/STM32F103C6_GPIO_Driver.o
LOAD ./MCALL/STM32F103C6_I2C_Driver.o
LOAD ./MCALL/STM32F103C6_RCC_Drivers.o
LOAD ./MCALL/STM32F103C6_SPI_Driver.o
LOAD ./MCALL/STM32F103C6_USART_Drivers.o
LOAD ./Src/main.o
LOAD ./Src/syscalls.o
LOAD ./Src/sysmem.o
LOAD ./Startup/startup_stm32f103c6tx.o
LOAD ./Tasks/Admin_Tasks.o
START GROUP
LOAD C:/ST/STM32CubeIDE_1.14.1/STM32CubeIDE/plugins/com.st.stm32cube.ide.mcu.externaltools.gnu-tools-for-stm32.11.3.rel1.win32_1.1.100.202309141235/tools/bin/../lib/gcc/arm-none-eabi/11.3.1/../../../../arm-none-eabi/lib/thumb/v7-m/nofp\libc_nano.a
LOAD C:/ST/STM32CubeIDE_1.14.1/STM32CubeIDE/plugins/com.st.stm32cube.ide.mcu.externaltools.gnu-tools-for-stm32.11.3.rel1.win32_1.1.100.202309141235/tools/bin/../lib/gcc/arm-none-eabi/11.3.1/../../../../arm-none-eabi/lib/thumb/v7-m/nofp\libm.a
END GROUP
START GROUP
LOAD C:/ST/STM32CubeIDE_1.14.1/STM32CubeIDE/plugins/com.st.stm32cube.ide.mcu.externaltools.gnu-tools-for-stm32.11.3.rel1.win32_1.1.100.202309141235/tools/bin/../lib/gcc/arm-none-eabi/11.3.1/thumb/v7-m/nofp\libgcc.a
LOAD C:/ST/STM32CubeIDE_1.14.1/STM32CubeIDE/plugins/com.st.stm32cube.ide.mcu.externaltools.gnu-tools-for-stm32.11.3.rel1.win32_1.1.100.202309141235/tools/bin/../lib/gcc/arm-none-eabi/11.3.1/../../../../arm-none-eabi/lib/thumb/v7-m/nofp\libc_nano.a
END GROUP
START GROUP
LOAD C:/ST/STM32CubeIDE_1.14.1/STM32CubeIDE/plugins/com.st.stm32cube.ide.mcu.externaltools.gnu-tools-for-stm32.11.3.rel1.win32_1.1.100.202309141235/tools/bin/../lib/gcc/arm-none-eabi/11.3.1/thumb/v7-m/nofp\libgcc.a
LOAD C:/ST/STM32CubeIDE_1.14.1/STM32CubeIDE/plugins/com.st.stm32cube.ide.mcu.externaltools.gnu-tools-for-stm32.11.3.rel1.win32_1.1.100.202309141235/tools/bin/../lib/gcc/arm-none-eabi/11.3.1/../../../../arm-none-eabi/lib/thumb/v7-m/nofp\libc_nano.a
LOAD C:/ST/STM32CubeIDE_1.14.1/STM32CubeIDE/plugins/com.st.stm32cube.ide.mcu.externaltools.gnu-tools-for-stm32.11.3.rel1.win32_1.1.100.202309141235/tools/bin/../lib/gcc/arm-none-eabi/11.3.1/../../../../arm-none-eabi/lib/thumb/v7-m/nofp\libnosys.a
END GROUP
START GROUP
LOAD C:/ST/STM32CubeIDE_1.14.1/STM32CubeIDE/plugins/com.st.stm32cube.ide.mcu.externaltools.gnu-tools-for-stm32.11.3.rel1.win32_1.1.100.202309141235/tools/bin/../lib/gcc/arm-none-eabi/11.3.1/thumb/v7-m/nofp\libgcc.a
LOAD C:/ST/STM32CubeIDE_1.14.1/STM32CubeIDE/plugins/com.st.stm32cube.ide.mcu.externaltools.gnu-tools-for-stm32.11.3.rel1.win32_1.1.100.202309141235/tools/bin/../lib/gcc/arm-none-eabi/11.3.1/../../../../arm-none-eabi/lib/thumb/v7-m/nofp\libc_nano.a
LOAD C:/ST/STM32CubeIDE_1.14.1/STM32CubeIDE/plugins/com.st.stm32cube.ide.mcu.externaltools.gnu-tools-for-stm32.11.3.rel1.win32_1.1.100.202309141235/tools/bin/../lib/gcc/arm-none-eabi/11.3.1/../../../../arm-none-eabi/lib/thumb/v7-m/nofp\libnosys.a
END GROUP
LOAD C:/ST/STM32CubeIDE_1.14.1/STM32CubeIDE/plugins/com.st.stm32cube.ide.mcu.externaltools.gnu-tools-for-stm32.11.3.rel1.win32_1.1.100.202309141235/tools/bin/../lib/gcc/arm-none-eabi/11.3.1/thumb/v7-m/nofp/crtend.o
LOAD C:/ST/STM32CubeIDE_1.14.1/STM32CubeIDE/plugins/com.st.stm32cube.ide.mcu.externaltools.gnu-tools-for-stm32.11.3.rel1.win32_1.1.100.202309141235/tools/bin/../lib/gcc/arm-none-eabi/11.3.1/thumb/v7-m/nofp/crtn.o
                0x0000000020002800                _estack = (ORIGIN (RAM) + LENGTH (RAM))
                0x0000000000000200                _Min_Heap_Size = 0x200
                0x0000000000000400                _Min_Stack_Size = 0x400

.isr_vector     0x0000000008000000      0x130
                0x0000000008000000                . = ALIGN (0x4)
 *(.isr_vector)
 .isr_vector    0x0000000008000000      0x130 ./Startup/startup_stm32f103c6tx.o
                0x0000000008000000                g_pfnVectors
                0x0000000008000130                . = ALIGN (0x4)

.text           0x0000000008000130     0x117c
                0x0000000008000130                . = ALIGN (0x4)
 *(.text)
 .text          0x0000000008000130       0x40 C:/ST/STM32CubeIDE_1.14.1/STM32CubeIDE/plugins/com.st.stm32cube.ide.mcu.externaltools.gnu-tools-for-stm32.11.3.rel1.win32_1.1.100.202309141235/tools/bin/../lib/gcc/arm-none-eabi/11.3.1/thumb/v7-m/nofp/crtbegin.o
 *(.text*)
 .text.keypad_Init
                0x0000000008000170       0xc4 ./HALL/keypad_Driver.o
                0x0000000008000170                keypad_Init
 .text.delay_ms
                0x0000000008000234       0x3a ./HALL/lcd_driver.o
                0x0000000008000234                delay_ms
 *fill*         0x000000000800026e        0x2 
 .text.LCD_Init
                0x0000000008000270      0x124 ./HALL/lcd_driver.o
                0x0000000008000270                LCD_Init
 .text.LCD_Clear_Screen
                0x0000000008000394        0xe ./HALL/lcd_driver.o
                0x0000000008000394                LCD_Clear_Screen
 *fill*         0x00000000080003a2        0x2 
 .text.LCD_Send_Command
                0x00000000080003a4       0xdc ./HALL/lcd_driver.o
                0x00000000080003a4                LCD_Send_Command
 .text.LCD_Kick
                0x0000000008000480       0x2c ./HALL/lcd_driver.o
                0x0000000008000480                LCD_Kick
 .text.HAL_SEVEN_SEG_init
                0x00000000080004ac       0x8c ./HALL/seven_segmnet.o
                0x00000000080004ac                HAL_SEVEN_SEG_init
 .text.HAL_SEVEN_SEG_Write
                0x0000000008000538       0x30 ./HALL/seven_segmnet.o
                0x0000000008000538                HAL_SEVEN_SEG_Write
 .text.EXTI0_IRQHandler
                0x0000000008000568       0x24 ./MCALL/STM32F103C6_EXTI_Driver.o
                0x0000000008000568                EXTI0_IRQHandler
 .text.EXTI1_IRQHandler
                0x000000000800058c       0x24 ./MCALL/STM32F103C6_EXTI_Driver.o
                0x000000000800058c                EXTI1_IRQHandler
 .text.EXTI2_IRQHandler
                0x00000000080005b0       0x24 ./MCALL/STM32F103C6_EXTI_Driver.o
                0x00000000080005b0                EXTI2_IRQHandler
 .text.EXTI3_IRQHandler
                0x00000000080005d4       0x24 ./MCALL/STM32F103C6_EXTI_Driver.o
                0x00000000080005d4                EXTI3_IRQHandler
 .text.EXTI4_IRQHandler
                0x00000000080005f8       0x24 ./MCALL/STM32F103C6_EXTI_Driver.o
                0x00000000080005f8                EXTI4_IRQHandler
 .text.EXTI9_5_IRQHandler
                0x000000000800061c       0xa8 ./MCALL/STM32F103C6_EXTI_Driver.o
                0x000000000800061c                EXTI9_5_IRQHandler
 .text.EXTI15_10_IRQHandler
                0x00000000080006c4       0xc4 ./MCALL/STM32F103C6_EXTI_Driver.o
                0x00000000080006c4                EXTI15_10_IRQHandler
 .text.Get_CRLH_Position
                0x0000000008000788      0x170 ./MCALL/STM32F103C6_GPIO_Driver.o
                0x0000000008000788                Get_CRLH_Position
 .text.MCAL_GPIO_Init
                0x00000000080008f8       0xfe ./MCALL/STM32F103C6_GPIO_Driver.o
                0x00000000080008f8                MCAL_GPIO_Init
 .text.MCAL_GPIO_WritePin
                0x00000000080009f6       0x2e ./MCALL/STM32F103C6_GPIO_Driver.o
                0x00000000080009f6                MCAL_GPIO_WritePin
 .text.MCAL_GPIO_WritePort
                0x0000000008000a24       0x1c ./MCALL/STM32F103C6_GPIO_Driver.o
                0x0000000008000a24                MCAL_GPIO_WritePort
 .text.MCAL_I2C_INIT
                0x0000000008000a40      0x234 ./MCALL/STM32F103C6_I2C_Driver.o
                0x0000000008000a40                MCAL_I2C_INIT
 .text.MCAL_I2C_GPIO_Set_PIN
                0x0000000008000c74       0x94 ./MCALL/STM32F103C6_I2C_Driver.o
                0x0000000008000c74                MCAL_I2C_GPIO_Set_PIN
 .text.MCAL_I2C_Master_TX
                0x0000000008000d08       0xb8 ./MCALL/STM32F103C6_I2C_Driver.o
                0x0000000008000d08                MCAL_I2C_Master_TX
 .text.I2C_GenerateStart
                0x0000000008000dc0       0x4e ./MCALL/STM32F103C6_I2C_Driver.o
                0x0000000008000dc0                I2C_GenerateStart
 .text.I2C_SenAddress
                0x0000000008000e0e       0x3e ./MCALL/STM32F103C6_I2C_Driver.o
                0x0000000008000e0e                I2C_SenAddress
 .text.I2C_GenerateStop
                0x0000000008000e4c       0x36 ./MCALL/STM32F103C6_I2C_Driver.o
                0x0000000008000e4c                I2C_GenerateStop
 *fill*         0x0000000008000e82        0x2 
 .text.I2C_GetFlagStatus
                0x0000000008000e84      0x10c ./MCALL/STM32F103C6_I2C_Driver.o
                0x0000000008000e84                I2C_GetFlagStatus
 .text.I2C1_EV_IRQHandler
                0x0000000008000f90        0xc ./MCALL/STM32F103C6_I2C_Driver.o
                0x0000000008000f90                I2C1_EV_IRQHandler
 .text.I2C1_ER_IRQHandler
                0x0000000008000f9c        0xc ./MCALL/STM32F103C6_I2C_Driver.o
                0x0000000008000f9c                I2C1_ER_IRQHandler
 .text.MCAL_RCC_GetSYS_ClockFreq
                0x0000000008000fa8       0x40 ./MCALL/STM32F103C6_RCC_Drivers.o
                0x0000000008000fa8                MCAL_RCC_GetSYS_ClockFreq
 .text.MCAL_RCC_GetHCLKFreq
                0x0000000008000fe8       0x28 ./MCALL/STM32F103C6_RCC_Drivers.o
                0x0000000008000fe8                MCAL_RCC_GetHCLKFreq
 .text.MCAL_RCC_GetPCLK1Freq
                0x0000000008001010       0x28 ./MCALL/STM32F103C6_RCC_Drivers.o
                0x0000000008001010                MCAL_RCC_GetPCLK1Freq
 .text.SPI1_IRQHandler
                0x0000000008001038       0x5c ./MCALL/STM32F103C6_SPI_Driver.o
                0x0000000008001038                SPI1_IRQHandler
 .text.SPI2_IRQHandler
                0x0000000008001094       0x5c ./MCALL/STM32F103C6_SPI_Driver.o
                0x0000000008001094                SPI2_IRQHandler
 .text.USART1_IRQHandler
                0x00000000080010f0       0x14 ./MCALL/STM32F103C6_USART_Drivers.o
                0x00000000080010f0                USART1_IRQHandler
 .text.USART2_IRQHandler
                0x0000000008001104       0x14 ./MCALL/STM32F103C6_USART_Drivers.o
                0x0000000008001104                USART2_IRQHandler
 .text.USART3_IRQHandler
                0x0000000008001118       0x14 ./MCALL/STM32F103C6_USART_Drivers.o
                0x0000000008001118                USART3_IRQHandler
 .text.Clock_Init
                0x000000000800112c       0x40 ./Src/main.o
                0x000000000800112c                Clock_Init
 .text.main     0x000000000800116c       0x8c ./Src/main.o
                0x000000000800116c                main
 .text.Reset_Handler
                0x00000000080011f8       0x50 ./Startup/startup_stm32f103c6tx.o
                0x00000000080011f8                Reset_Handler
 .text.Default_Handler
                0x0000000008001248        0x2 ./Startup/startup_stm32f103c6tx.o
                0x0000000008001248                TIM8_TRG_COM_IRQHandler
                0x0000000008001248                TIM8_CC_IRQHandler
                0x0000000008001248                DebugMon_Handler
                0x0000000008001248                TIM1_CC_IRQHandler
                0x0000000008001248                HardFault_Handler
                0x0000000008001248                TIM6_IRQHandler
                0x0000000008001248                SysTick_Handler
                0x0000000008001248                PVD_IRQHandler
                0x0000000008001248                SDIO_IRQHandler
                0x0000000008001248                PendSV_Handler
                0x0000000008001248                NMI_Handler
                0x0000000008001248                USB_HP_CAN_TX_IRQHandler
                0x0000000008001248                I2C2_EV_IRQHandler
                0x0000000008001248                UsageFault_Handler
                0x0000000008001248                ADC1_2_IRQHandler
                0x0000000008001248                CAN_SCE_IRQHandler
                0x0000000008001248                TAMPER_IRQHandler
                0x0000000008001248                TIM8_UP_IRQHandler
                0x0000000008001248                DMA2_Channel2_IRQHandler
                0x0000000008001248                DMA1_Channel4_IRQHandler
                0x0000000008001248                RTC_IRQHandler
                0x0000000008001248                DMA1_Channel7_IRQHandler
                0x0000000008001248                UART5_IRQHandler
                0x0000000008001248                ADC3_IRQHandler
                0x0000000008001248                TIM4_IRQHandler
                0x0000000008001248                CAN_RX1_IRQHandler
                0x0000000008001248                DMA2_Channel1_IRQHandler
                0x0000000008001248                DMA1_Channel6_IRQHandler
                0x0000000008001248                UART4_IRQHandler
                0x0000000008001248                TIM3_IRQHandler
                0x0000000008001248                RCC_IRQHandler
                0x0000000008001248                TIM1_TRG_COM_IRQHandler
                0x0000000008001248                DMA1_Channel1_IRQHandler
                0x0000000008001248                Default_Handler
                0x0000000008001248                TIM7_IRQHandler
                0x0000000008001248                TIM5_IRQHandler
                0x0000000008001248                USB_LP_CAN_RX0_IRQHandler
                0x0000000008001248                MemManage_Handler
                0x0000000008001248                SVC_Handler
                0x0000000008001248                DMA1_Channel5_IRQHandler
                0x0000000008001248                DMA1_Channel3_IRQHandler
                0x0000000008001248                FSMC_IRQHandler
                0x0000000008001248                TIM1_UP_IRQHandler
                0x0000000008001248                WWDG_IRQHandler
                0x0000000008001248                TIM2_IRQHandler
                0x0000000008001248                TIM1_BRK_IRQHandler
                0x0000000008001248                RTCAlarm_IRQHandler
                0x0000000008001248                DMA2_Channel4_5_IRQHandler
                0x0000000008001248                I2C2_ER_IRQHandler
                0x0000000008001248                DMA1_Channel2_IRQHandler
                0x0000000008001248                TIM8_BRK_IRQHandler
                0x0000000008001248                FLASH_IRQHandler
                0x0000000008001248                BusFault_Handler
                0x0000000008001248                SPI3_IRQHandler
                0x0000000008001248                DMA2_Channel3_IRQHandler
 *fill*         0x000000000800124a        0x2 
 .text.__libc_init_array
                0x000000000800124c       0x48 C:/ST/STM32CubeIDE_1.14.1/STM32CubeIDE/plugins/com.st.stm32cube.ide.mcu.externaltools.gnu-tools-for-stm32.11.3.rel1.win32_1.1.100.202309141235/tools/bin/../lib/gcc/arm-none-eabi/11.3.1/../../../../arm-none-eabi/lib/thumb/v7-m/nofp\libc_nano.a(libc_a-init.o)
                0x000000000800124c                __libc_init_array
 *(.glue_7)
 .glue_7        0x0000000008001294        0x0 linker stubs
 *(.glue_7t)
 .glue_7t       0x0000000008001294        0x0 linker stubs
 *(.eh_frame)
 .eh_frame      0x0000000008001294        0x0 C:/ST/STM32CubeIDE_1.14.1/STM32CubeIDE/plugins/com.st.stm32cube.ide.mcu.externaltools.gnu-tools-for-stm32.11.3.rel1.win32_1.1.100.202309141235/tools/bin/../lib/gcc/arm-none-eabi/11.3.1/thumb/v7-m/nofp/crtbegin.o
 *(.init)
 .init          0x0000000008001294        0x4 C:/ST/STM32CubeIDE_1.14.1/STM32CubeIDE/plugins/com.st.stm32cube.ide.mcu.externaltools.gnu-tools-for-stm32.11.3.rel1.win32_1.1.100.202309141235/tools/bin/../lib/gcc/arm-none-eabi/11.3.1/thumb/v7-m/nofp/crti.o
                0x0000000008001294                _init
 .init          0x0000000008001298        0x8 C:/ST/STM32CubeIDE_1.14.1/STM32CubeIDE/plugins/com.st.stm32cube.ide.mcu.externaltools.gnu-tools-for-stm32.11.3.rel1.win32_1.1.100.202309141235/tools/bin/../lib/gcc/arm-none-eabi/11.3.1/thumb/v7-m/nofp/crtn.o
 *(.fini)
 .fini          0x00000000080012a0        0x4 C:/ST/STM32CubeIDE_1.14.1/STM32CubeIDE/plugins/com.st.stm32cube.ide.mcu.externaltools.gnu-tools-for-stm32.11.3.rel1.win32_1.1.100.202309141235/tools/bin/../lib/gcc/arm-none-eabi/11.3.1/thumb/v7-m/nofp/crti.o
                0x00000000080012a0                _fini
 .fini          0x00000000080012a4        0x8 C:/ST/STM32CubeIDE_1.14.1/STM32CubeIDE/plugins/com.st.stm32cube.ide.mcu.externaltools.gnu-tools-for-stm32.11.3.rel1.win32_1.1.100.202309141235/tools/bin/../lib/gcc/arm-none-eabi/11.3.1/thumb/v7-m/nofp/crtn.o
                0x00000000080012ac                . = ALIGN (0x4)
                0x00000000080012ac                _etext = .

.vfp11_veneer   0x00000000080012ac        0x0
 .vfp11_veneer  0x00000000080012ac        0x0 linker stubs

.v4_bx          0x00000000080012ac        0x0
 .v4_bx         0x00000000080012ac        0x0 linker stubs

.iplt           0x00000000080012ac        0x0
 .iplt          0x00000000080012ac        0x0 C:/ST/STM32CubeIDE_1.14.1/STM32CubeIDE/plugins/com.st.stm32cube.ide.mcu.externaltools.gnu-tools-for-stm32.11.3.rel1.win32_1.1.100.202309141235/tools/bin/../lib/gcc/arm-none-eabi/11.3.1/thumb/v7-m/nofp/crtbegin.o

.rodata         0x00000000080012ac       0x18
                0x00000000080012ac                . = ALIGN (0x4)
 *(.rodata)
 *(.rodata*)
 .rodata.APBPrescTable
                0x00000000080012ac        0x8 ./MCALL/STM32F103C6_RCC_Drivers.o
                0x00000000080012ac                APBPrescTable
 .rodata.AHBPrescTable
                0x00000000080012b4       0x10 ./MCALL/STM32F103C6_RCC_Drivers.o
                0x00000000080012b4                AHBPrescTable
                0x00000000080012c4                . = ALIGN (0x4)

.rel.dyn        0x00000000080012c4        0x0
 .rel.iplt      0x00000000080012c4        0x0 C:/ST/STM32CubeIDE_1.14.1/STM32CubeIDE/plugins/com.st.stm32cube.ide.mcu.externaltools.gnu-tools-for-stm32.11.3.rel1.win32_1.1.100.202309141235/tools/bin/../lib/gcc/arm-none-eabi/11.3.1/thumb/v7-m/nofp/crtbegin.o

.ARM.extab      0x00000000080012c4        0x0
                0x00000000080012c4                . = ALIGN (0x4)
 *(.ARM.extab* .gnu.linkonce.armextab.*)
                0x00000000080012c4                . = ALIGN (0x4)

.ARM            0x00000000080012c4        0x0
                0x00000000080012c4                . = ALIGN (0x4)
                0x00000000080012c4                __exidx_start = .
 *(.ARM.exidx*)
                0x00000000080012c4                __exidx_end = .
                0x00000000080012c4                . = ALIGN (0x4)

.preinit_array  0x00000000080012c4        0x0
                0x00000000080012c4                . = ALIGN (0x4)
                0x00000000080012c4                PROVIDE (__preinit_array_start = .)
 *(.preinit_array*)
                0x00000000080012c4                PROVIDE (__preinit_array_end = .)
                0x00000000080012c4                . = ALIGN (0x4)

.init_array     0x00000000080012c4        0x4
                0x00000000080012c4                . = ALIGN (0x4)
                0x00000000080012c4                PROVIDE (__init_array_start = .)
 *(SORT_BY_NAME(.init_array.*))
 *(.init_array*)
 .init_array    0x00000000080012c4        0x4 C:/ST/STM32CubeIDE_1.14.1/STM32CubeIDE/plugins/com.st.stm32cube.ide.mcu.externaltools.gnu-tools-for-stm32.11.3.rel1.win32_1.1.100.202309141235/tools/bin/../lib/gcc/arm-none-eabi/11.3.1/thumb/v7-m/nofp/crtbegin.o
                0x00000000080012c8                PROVIDE (__init_array_end = .)
                0x00000000080012c8                . = ALIGN (0x4)

.fini_array     0x00000000080012c8        0x4
                0x00000000080012c8                . = ALIGN (0x4)
                [!provide]                        PROVIDE (__fini_array_start = .)
 *(SORT_BY_NAME(.fini_array.*))
 *(.fini_array*)
 .fini_array    0x00000000080012c8        0x4 C:/ST/STM32CubeIDE_1.14.1/STM32CubeIDE/plugins/com.st.stm32cube.ide.mcu.externaltools.gnu-tools-for-stm32.11.3.rel1.win32_1.1.100.202309141235/tools/bin/../lib/gcc/arm-none-eabi/11.3.1/thumb/v7-m/nofp/crtbegin.o
                [!provide]                        PROVIDE (__fini_array_end = .)
                0x00000000080012cc                . = ALIGN (0x4)
                0x00000000080012cc                _sidata = LOADADDR (.data)

.data           0x0000000020000000        0xc load address 0x00000000080012cc
                0x0000000020000000                . = ALIGN (0x4)
                0x0000000020000000                _sdata = .
 *(.data)
 *(.data*)
 .data.seg_CCathodeVal
                0x0000000020000000        0xa ./HALL/seven_segmnet.o
 .data.SlotsNumber
                0x000000002000000a        0x1 ./Src/main.o
                0x000000002000000a                SlotsNumber
 *(.RamFunc)
 *(.RamFunc*)
                0x000000002000000c                . = ALIGN (0x4)
 *fill*         0x000000002000000b        0x1 
                0x000000002000000c                _edata = .

.igot.plt       0x000000002000000c        0x0 load address 0x00000000080012d8
 .igot.plt      0x000000002000000c        0x0 C:/ST/STM32CubeIDE_1.14.1/STM32CubeIDE/plugins/com.st.stm32cube.ide.mcu.externaltools.gnu-tools-for-stm32.11.3.rel1.win32_1.1.100.202309141235/tools/bin/../lib/gcc/arm-none-eabi/11.3.1/thumb/v7-m/nofp/crtbegin.o
                0x000000002000000c                . = ALIGN (0x4)

.bss            0x000000002000000c       0xa4 load address 0x00000000080012d8
                0x000000002000000c                _sbss = .
                0x000000002000000c                __bss_start__ = _sbss
 *(.bss)
 .bss           0x000000002000000c       0x1c C:/ST/STM32CubeIDE_1.14.1/STM32CubeIDE/plugins/com.st.stm32cube.ide.mcu.externaltools.gnu-tools-for-stm32.11.3.rel1.win32_1.1.100.202309141235/tools/bin/../lib/gcc/arm-none-eabi/11.3.1/thumb/v7-m/nofp/crtbegin.o
 *(.bss*)
 .bss.GP_IRQ_CallBack
                0x0000000020000028       0x3c ./MCALL/STM32F103C6_EXTI_Driver.o
                0x0000000020000028                GP_IRQ_CallBack
 .bss.Global_I2C_Config
                0x0000000020000064       0x40 ./MCALL/STM32F103C6_I2C_Driver.o
                0x0000000020000064                Global_I2C_Config
 .bss.Global_SPI_Config
                0x00000000200000a4        0x8 ./MCALL/STM32F103C6_SPI_Driver.o
                0x00000000200000a4                Global_SPI_Config
 .bss.Global_UART_Config
                0x00000000200000ac        0x4 ./MCALL/STM32F103C6_USART_Drivers.o
                0x00000000200000ac                Global_UART_Config
 *(COMMON)
                0x00000000200000b0                . = ALIGN (0x4)
                0x00000000200000b0                _ebss = .
                0x00000000200000b0                __bss_end__ = _ebss

._user_heap_stack
                0x00000000200000b0      0x600 load address 0x00000000080012d8
                0x00000000200000b0                . = ALIGN (0x8)
                [!provide]                        PROVIDE (end = .)
                0x00000000200000b0                PROVIDE (_end = .)
                0x00000000200002b0                . = (. + _Min_Heap_Size)
 *fill*         0x00000000200000b0      0x200 
                0x00000000200006b0                . = (. + _Min_Stack_Size)
 *fill*         0x00000000200002b0      0x400 
                0x00000000200006b0                . = ALIGN (0x8)

/DISCARD/
 libc.a(*)
 libm.a(*)
 libgcc.a(*)

.ARM.attributes
                0x0000000000000000       0x29
 *(.ARM.attributes)
 .ARM.attributes
                0x0000000000000000       0x1d C:/ST/STM32CubeIDE_1.14.1/STM32CubeIDE/plugins/com.st.stm32cube.ide.mcu.externaltools.gnu-tools-for-stm32.11.3.rel1.win32_1.1.100.202309141235/tools/bin/../lib/gcc/arm-none-eabi/11.3.1/thumb/v7-m/nofp/crti.o
 .ARM.attributes
                0x000000000000001d       0x2d C:/ST/STM32CubeIDE_1.14.1/STM32CubeIDE/plugins/com.st.stm32cube.ide.mcu.externaltools.gnu-tools-for-stm32.11.3.rel1.win32_1.1.100.202309141235/tools/bin/../lib/gcc/arm-none-eabi/11.3.1/thumb/v7-m/nofp/crtbegin.o
 .ARM.attributes
                0x000000000000004a       0x2d ./HALL/keypad_Driver.o
 .ARM.attributes
                0x0000000000000077       0x2d ./HALL/lcd_driver.o
 .ARM.attributes
                0x00000000000000a4       0x2d ./HALL/seven_segmnet.o
 .ARM.attributes
                0x00000000000000d1       0x2d ./MCALL/STM32F103C6_EXTI_Driver.o
 .ARM.attributes
                0x00000000000000fe       0x2d ./MCALL/STM32F103C6_GPIO_Driver.o
 .ARM.attributes
                0x000000000000012b       0x2d ./MCALL/STM32F103C6_I2C_Driver.o
 .ARM.attributes
                0x0000000000000158       0x2d ./MCALL/STM32F103C6_RCC_Drivers.o
 .ARM.attributes
                0x0000000000000185       0x2d ./MCALL/STM32F103C6_SPI_Driver.o
 .ARM.attributes
                0x00000000000001b2       0x2d ./MCALL/STM32F103C6_USART_Drivers.o
 .ARM.attributes
                0x00000000000001df       0x2d ./Src/main.o
 .ARM.attributes
                0x000000000000020c       0x21 ./Startup/startup_stm32f103c6tx.o
 .ARM.attributes
                0x000000000000022d       0x2d C:/ST/STM32CubeIDE_1.14.1/STM32CubeIDE/plugins/com.st.stm32cube.ide.mcu.externaltools.gnu-tools-for-stm32.11.3.rel1.win32_1.1.100.202309141235/tools/bin/../lib/gcc/arm-none-eabi/11.3.1/../../../../arm-none-eabi/lib/thumb/v7-m/nofp\libc_nano.a(libc_a-init.o)
 .ARM.attributes
                0x000000000000025a       0x1d C:/ST/STM32CubeIDE_1.14.1/STM32CubeIDE/plugins/com.st.stm32cube.ide.mcu.externaltools.gnu-tools-for-stm32.11.3.rel1.win32_1.1.100.202309141235/tools/bin/../lib/gcc/arm-none-eabi/11.3.1/thumb/v7-m/nofp/crtn.o
OUTPUT(ECU3_dashboard2.elf elf32-littlearm)
LOAD linker stubs
LOAD C:/ST/STM32CubeIDE_1.14.1/STM32CubeIDE/plugins/com.st.stm32cube.ide.mcu.externaltools.gnu-tools-for-stm32.11.3.rel1.win32_1.1.100.202309141235/tools/bin/../lib/gcc/arm-none-eabi/11.3.1/../../../../arm-none-eabi/lib/thumb/v7-m/nofp\libc.a
LOAD C:/ST/STM32CubeIDE_1.14.1/STM32CubeIDE/plugins/com.st.stm32cube.ide.mcu.externaltools.gnu-tools-for-stm32.11.3.rel1.win32_1.1.100.202309141235/tools/bin/../lib/gcc/arm-none-eabi/11.3.1/../../../../arm-none-eabi/lib/thumb/v7-m/nofp\libm.a
LOAD C:/ST/STM32CubeIDE_1.14.1/STM32CubeIDE/plugins/com.st.stm32cube.ide.mcu.externaltools.gnu-tools-for-stm32.11.3.rel1.win32_1.1.100.202309141235/tools/bin/../lib/gcc/arm-none-eabi/11.3.1/thumb/v7-m/nofp\libgcc.a

.comment        0x0000000000000000       0x43
 .comment       0x0000000000000000       0x43 C:/ST/STM32CubeIDE_1.14.1/STM32CubeIDE/plugins/com.st.stm32cube.ide.mcu.externaltools.gnu-tools-for-stm32.11.3.rel1.win32_1.1.100.202309141235/tools/bin/../lib/gcc/arm-none-eabi/11.3.1/thumb/v7-m/nofp/crtbegin.o
                                         0x44 (size before relaxing)
 .comment       0x0000000000000043       0x44 ./HALL/keypad_Driver.o
 .comment       0x0000000000000043       0x44 ./HALL/lcd_driver.o
 .comment       0x0000000000000043       0x44 ./HALL/seven_segmnet.o
 .comment       0x0000000000000043       0x44 ./MCALL/STM32F103C6_EXTI_Driver.o
 .comment       0x0000000000000043       0x44 ./MCALL/STM32F103C6_GPIO_Driver.o
 .comment       0x0000000000000043       0x44 ./MCALL/STM32F103C6_I2C_Driver.o
 .comment       0x0000000000000043       0x44 ./MCALL/STM32F103C6_RCC_Drivers.o
 .comment       0x0000000000000043       0x44 ./MCALL/STM32F103C6_SPI_Driver.o
 .comment       0x0000000000000043       0x44 ./MCALL/STM32F103C6_USART_Drivers.o
 .comment       0x0000000000000043       0x44 ./Src/main.o

.debug_info     0x0000000000000000     0x31bc
 .debug_info    0x0000000000000000      0x299 ./HALL/keypad_Driver.o
 .debug_info    0x0000000000000299      0x4a5 ./HALL/lcd_driver.o
 .debug_info    0x000000000000073e      0x257 ./HALL/seven_segmnet.o
 .debug_info    0x0000000000000995      0x531 ./MCALL/STM32F103C6_EXTI_Driver.o
 .debug_info    0x0000000000000ec6      0x4b9 ./MCALL/STM32F103C6_GPIO_Driver.o
 .debug_info    0x000000000000137f      0x9d4 ./MCALL/STM32F103C6_I2C_Driver.o
 .debug_info    0x0000000000001d53      0x241 ./MCALL/STM32F103C6_RCC_Drivers.o
 .debug_info    0x0000000000001f94      0x6a6 ./MCALL/STM32F103C6_SPI_Driver.o
 .debug_info    0x000000000000263a      0x607 ./MCALL/STM32F103C6_USART_Drivers.o
 .debug_info    0x0000000000002c41      0x559 ./Src/main.o
 .debug_info    0x000000000000319a       0x22 ./Startup/startup_stm32f103c6tx.o

.debug_abbrev   0x0000000000000000      0xf57
 .debug_abbrev  0x0000000000000000      0x12d ./HALL/keypad_Driver.o
 .debug_abbrev  0x000000000000012d      0x19e ./HALL/lcd_driver.o
 .debug_abbrev  0x00000000000002cb      0x105 ./HALL/seven_segmnet.o
 .debug_abbrev  0x00000000000003d0      0x1ab ./MCALL/STM32F103C6_EXTI_Driver.o
 .debug_abbrev  0x000000000000057b      0x16f ./MCALL/STM32F103C6_GPIO_Driver.o
 .debug_abbrev  0x00000000000006ea      0x22e ./MCALL/STM32F103C6_I2C_Driver.o
 .debug_abbrev  0x0000000000000918       0xda ./MCALL/STM32F103C6_RCC_Drivers.o
 .debug_abbrev  0x00000000000009f2      0x1f4 ./MCALL/STM32F103C6_SPI_Driver.o
 .debug_abbrev  0x0000000000000be6      0x1e2 ./MCALL/STM32F103C6_USART_Drivers.o
 .debug_abbrev  0x0000000000000dc8      0x17d ./Src/main.o
 .debug_abbrev  0x0000000000000f45       0x12 ./Startup/startup_stm32f103c6tx.o

.debug_loc      0x0000000000000000     0x15f7
 .debug_loc     0x0000000000000000       0xa0 ./HALL/keypad_Driver.o
 .debug_loc     0x00000000000000a0      0x336 ./HALL/lcd_driver.o
 .debug_loc     0x00000000000003d6       0xa0 ./HALL/seven_segmnet.o
 .debug_loc     0x0000000000000476      0x320 ./MCALL/STM32F103C6_EXTI_Driver.o
 .debug_loc     0x0000000000000796      0x330 ./MCALL/STM32F103C6_GPIO_Driver.o
 .debug_loc     0x0000000000000ac6      0x49c ./MCALL/STM32F103C6_I2C_Driver.o
 .debug_loc     0x0000000000000f62       0xc8 ./MCALL/STM32F103C6_RCC_Drivers.o
 .debug_loc     0x000000000000102a      0x2bc ./MCALL/STM32F103C6_SPI_Driver.o
 .debug_loc     0x00000000000012e6      0x294 ./MCALL/STM32F103C6_USART_Drivers.o
 .debug_loc     0x000000000000157a       0x7d ./Src/main.o

.debug_aranges  0x0000000000000000      0x368
 .debug_aranges
                0x0000000000000000       0x28 ./HALL/keypad_Driver.o
 .debug_aranges
                0x0000000000000028       0x70 ./HALL/lcd_driver.o
 .debug_aranges
                0x0000000000000098       0x28 ./HALL/seven_segmnet.o
 .debug_aranges
                0x00000000000000c0       0x80 ./MCALL/STM32F103C6_EXTI_Driver.o
 .debug_aranges
                0x0000000000000140       0x60 ./MCALL/STM32F103C6_GPIO_Driver.o
 .debug_aranges
                0x00000000000001a0       0x88 ./MCALL/STM32F103C6_I2C_Driver.o
 .debug_aranges
                0x0000000000000228       0x38 ./MCALL/STM32F103C6_RCC_Drivers.o
 .debug_aranges
                0x0000000000000260       0x58 ./MCALL/STM32F103C6_SPI_Driver.o
 .debug_aranges
                0x00000000000002b8       0x60 ./MCALL/STM32F103C6_USART_Drivers.o
 .debug_aranges
                0x0000000000000318       0x28 ./Src/main.o
 .debug_aranges
                0x0000000000000340       0x28 ./Startup/startup_stm32f103c6tx.o

.debug_ranges   0x0000000000000000      0x2c0
 .debug_ranges  0x0000000000000000       0x18 ./HALL/keypad_Driver.o
 .debug_ranges  0x0000000000000018       0x60 ./HALL/lcd_driver.o
 .debug_ranges  0x0000000000000078       0x18 ./HALL/seven_segmnet.o
 .debug_ranges  0x0000000000000090       0x70 ./MCALL/STM32F103C6_EXTI_Driver.o
 .debug_ranges  0x0000000000000100       0x50 ./MCALL/STM32F103C6_GPIO_Driver.o
 .debug_ranges  0x0000000000000150       0x78 ./MCALL/STM32F103C6_I2C_Driver.o
 .debug_ranges  0x00000000000001c8       0x28 ./MCALL/STM32F103C6_RCC_Drivers.o
 .debug_ranges  0x00000000000001f0       0x48 ./MCALL/STM32F103C6_SPI_Driver.o
 .debug_ranges  0x0000000000000238       0x50 ./MCALL/STM32F103C6_USART_Drivers.o
 .debug_ranges  0x0000000000000288       0x18 ./Src/main.o
 .debug_ranges  0x00000000000002a0       0x20 ./Startup/startup_stm32f103c6tx.o

.debug_macro    0x0000000000000000     0x1711
 .debug_macro   0x0000000000000000      0x18f ./HALL/keypad_Driver.o
 .debug_macro   0x000000000000018f       0xd0 ./HALL/keypad_Driver.o
 .debug_macro   0x000000000000025f       0x16 ./HALL/keypad_Driver.o
 .debug_macro   0x0000000000000275       0x35 ./HALL/keypad_Driver.o
 .debug_macro   0x00000000000002aa       0x20 ./HALL/keypad_Driver.o
 .debug_macro   0x00000000000002ca       0x3a ./HALL/keypad_Driver.o
 .debug_macro   0x0000000000000304      0x15f ./HALL/lcd_driver.o
 .debug_macro   0x0000000000000463      0x118 ./HALL/lcd_driver.o
 .debug_macro   0x000000000000057b      0x15b ./HALL/seven_segmnet.o
 .debug_macro   0x00000000000006d6       0x4c ./HALL/seven_segmnet.o
 .debug_macro   0x0000000000000722      0x15b ./MCALL/STM32F103C6_EXTI_Driver.o
 .debug_macro   0x000000000000087d      0x1bf ./MCALL/STM32F103C6_EXTI_Driver.o
 .debug_macro   0x0000000000000a3c      0x14c ./MCALL/STM32F103C6_GPIO_Driver.o
 .debug_macro   0x0000000000000b88      0x16a ./MCALL/STM32F103C6_I2C_Driver.o
 .debug_macro   0x0000000000000cf2      0x14c ./MCALL/STM32F103C6_RCC_Drivers.o
 .debug_macro   0x0000000000000e3e       0x10 ./MCALL/STM32F103C6_RCC_Drivers.o
 .debug_macro   0x0000000000000e4e      0x16d ./MCALL/STM32F103C6_SPI_Driver.o
 .debug_macro   0x0000000000000fbb       0xdd ./MCALL/STM32F103C6_SPI_Driver.o
 .debug_macro   0x0000000000001098      0x155 ./MCALL/STM32F103C6_USART_Drivers.o
 .debug_macro   0x00000000000011ed      0x103 ./MCALL/STM32F103C6_USART_Drivers.o
 .debug_macro   0x00000000000012f0      0x1f4 ./Src/main.o
 .debug_macro   0x00000000000014e4      0x1c5 ./Src/main.o
 .debug_macro   0x00000000000016a9       0x52 ./Src/main.o
 .debug_macro   0x00000000000016fb       0x16 ./Src/main.o

.debug_line     0x0000000000000000     0x5048
 .debug_line    0x0000000000000000      0x732 ./HALL/keypad_Driver.o
 .debug_line    0x0000000000000732      0x872 ./HALL/lcd_driver.o
 .debug_line    0x0000000000000fa4      0x61e ./HALL/seven_segmnet.o
 .debug_line    0x00000000000015c2      0x9f1 ./MCALL/STM32F103C6_EXTI_Driver.o
 .debug_line    0x0000000000001fb3      0x7eb ./MCALL/STM32F103C6_GPIO_Driver.o
 .debug_line    0x000000000000279e      0xa12 ./MCALL/STM32F103C6_I2C_Driver.o
 .debug_line    0x00000000000031b0      0x642 ./MCALL/STM32F103C6_RCC_Drivers.o
 .debug_line    0x00000000000037f2      0x8c2 ./MCALL/STM32F103C6_SPI_Driver.o
 .debug_line    0x00000000000040b4      0x810 ./MCALL/STM32F103C6_USART_Drivers.o
 .debug_line    0x00000000000048c4      0x700 ./Src/main.o
 .debug_line    0x0000000000004fc4       0x84 ./Startup/startup_stm32f103c6tx.o

.debug_str      0x0000000000000000     0xcce8
 .debug_str     0x0000000000000000     0x9871 ./HALL/keypad_Driver.o
                                       0x9a78 (size before relaxing)
 .debug_str     0x0000000000009871      0x53b ./HALL/lcd_driver.o
                                       0x9e5d (size before relaxing)
 .debug_str     0x0000000000009dac      0x1d3 ./HALL/seven_segmnet.o
                                       0x9ace (size before relaxing)
 .debug_str     0x0000000000009f7f     0x13d1 ./MCALL/STM32F103C6_EXTI_Driver.o
                                       0xacd4 (size before relaxing)
 .debug_str     0x000000000000b350      0x10a ./MCALL/STM32F103C6_GPIO_Driver.o
                                       0x9a4c (size before relaxing)
 .debug_str     0x000000000000b45a      0x701 ./MCALL/STM32F103C6_I2C_Driver.o
                                       0xa07a (size before relaxing)
 .debug_str     0x000000000000bb5b       0x84 ./MCALL/STM32F103C6_RCC_Drivers.o
                                       0x95d7 (size before relaxing)
 .debug_str     0x000000000000bbdf      0x78e ./MCALL/STM32F103C6_SPI_Driver.o
                                       0xa0e8 (size before relaxing)
 .debug_str     0x000000000000c36d      0x88b ./MCALL/STM32F103C6_USART_Drivers.o
                                       0xa221 (size before relaxing)
 .debug_str     0x000000000000cbf8       0xc1 ./Src/main.o
                                       0xbb6b (size before relaxing)
 .debug_str     0x000000000000ccb9       0x2f ./Startup/startup_stm32f103c6tx.o
                                         0x89 (size before relaxing)

.debug_frame    0x0000000000000000      0xb28
 .debug_frame   0x0000000000000000       0x58 ./HALL/keypad_Driver.o
 .debug_frame   0x0000000000000058      0x198 ./HALL/lcd_driver.o
 .debug_frame   0x00000000000001f0       0x58 ./HALL/seven_segmnet.o
 .debug_frame   0x0000000000000248      0x1b0 ./MCALL/STM32F103C6_EXTI_Driver.o
 .debug_frame   0x00000000000003f8      0x178 ./MCALL/STM32F103C6_GPIO_Driver.o
 .debug_frame   0x0000000000000570      0x224 ./MCALL/STM32F103C6_I2C_Driver.o
 .debug_frame   0x0000000000000794       0x84 ./MCALL/STM32F103C6_RCC_Drivers.o
 .debug_frame   0x0000000000000818      0x148 ./MCALL/STM32F103C6_SPI_Driver.o
 .debug_frame   0x0000000000000960      0x14c ./MCALL/STM32F103C6_USART_Drivers.o
 .debug_frame   0x0000000000000aac       0x50 ./Src/main.o
 .debug_frame   0x0000000000000afc       0x2c C:/ST/STM32CubeIDE_1.14.1/STM32CubeIDE/plugins/com.st.stm32cube.ide.mcu.externaltools.gnu-tools-for-stm32.11.3.rel1.win32_1.1.100.202309141235/tools/bin/../lib/gcc/arm-none-eabi/11.3.1/../../../../arm-none-eabi/lib/thumb/v7-m/nofp\libc_nano.a(libc_a-init.o)
